Archive member included to satisfy reference by file (symbol)

c:/intelfpga_lite/18.1/nios2eds/bin/gnu/h-x86_64-mingw32/bin/../lib/gcc/nios2-elf/5.3.0\libgcc.a(lib2-divmod.o)
                              obj/default/src/alarm_util.o (__udivsi3)
../Embed_System_bsp/\libhal_bsp.a(alt_alarm_start.o)
                              obj/default/src/alarm_util.o (alt_alarm_start)
../Embed_System_bsp/\libhal_bsp.a(alt_getchar.o)
                              obj/default/main.o (alt_getchar)
../Embed_System_bsp/\libhal_bsp.a(alt_load.o)
                              ../Embed_System_bsp//obj/HAL/src/crt0.o (alt_load)
../Embed_System_bsp/\libhal_bsp.a(alt_main.o)
                              ../Embed_System_bsp//obj/HAL/src/crt0.o (alt_main)
../Embed_System_bsp/\libhal_bsp.a(alt_printf.o)
                              obj/default/main.o (alt_printf)
../Embed_System_bsp/\libhal_bsp.a(alt_putchar.o)
                              ../Embed_System_bsp/\libhal_bsp.a(alt_printf.o) (alt_putchar)
../Embed_System_bsp/\libhal_bsp.a(alt_tick.o)
                              ../Embed_System_bsp/\libhal_bsp.a(alt_alarm_start.o) (_alt_nticks)
../Embed_System_bsp/\libhal_bsp.a(alt_sys_init.o)
                              ../Embed_System_bsp/\libhal_bsp.a(alt_main.o) (alt_irq_init)
../Embed_System_bsp/\libhal_bsp.a(altera_avalon_jtag_uart_fd.o)
                              ../Embed_System_bsp/\libhal_bsp.a(alt_sys_init.o) (altera_avalon_jtag_uart_read_fd)
../Embed_System_bsp/\libhal_bsp.a(altera_avalon_jtag_uart_read.o)
                              ../Embed_System_bsp/\libhal_bsp.a(altera_avalon_jtag_uart_fd.o) (altera_avalon_jtag_uart_read)
../Embed_System_bsp/\libhal_bsp.a(altera_avalon_jtag_uart_write.o)
                              ../Embed_System_bsp/\libhal_bsp.a(altera_avalon_jtag_uart_fd.o) (altera_avalon_jtag_uart_write)
../Embed_System_bsp/\libhal_bsp.a(altera_avalon_timer_sc.o)
                              ../Embed_System_bsp/\libhal_bsp.a(alt_sys_init.o) (alt_avalon_timer_sc_init)
../Embed_System_bsp/\libhal_bsp.a(altera_modular_adc.o)
                              ../Embed_System_bsp/\libhal_bsp.a(alt_sys_init.o) (altera_modular_adc_init)
../Embed_System_bsp/\libhal_bsp.a(altera_onchip_flash.o)
                              ../Embed_System_bsp/\libhal_bsp.a(alt_sys_init.o) (alt_onchip_flash_read)
../Embed_System_bsp/\libhal_bsp.a(alt_busy_sleep.o)
                              ../Embed_System_bsp/\libhal_bsp.a(altera_onchip_flash.o) (alt_busy_sleep)
../Embed_System_bsp/\libhal_bsp.a(alt_close.o)
                              ../Embed_System_bsp/\libhal_bsp.a(alt_main.o) (close)
../Embed_System_bsp/\libhal_bsp.a(alt_dcache_flush.o)
                              ../Embed_System_bsp/\libhal_bsp.a(altera_onchip_flash.o) (alt_dcache_flush)
../Embed_System_bsp/\libhal_bsp.a(alt_dcache_flush_all.o)
                              ../Embed_System_bsp/\libhal_bsp.a(alt_load.o) (alt_dcache_flush_all)
../Embed_System_bsp/\libhal_bsp.a(alt_dev.o)
                              ../Embed_System_bsp/\libhal_bsp.a(alt_close.o) (alt_fd_list)
../Embed_System_bsp/\libhal_bsp.a(alt_dev_llist_insert.o)
                              ../Embed_System_bsp/\libhal_bsp.a(alt_sys_init.o) (alt_dev_llist_insert)
../Embed_System_bsp/\libhal_bsp.a(alt_errno.o)
                              ../Embed_System_bsp/\libhal_bsp.a(alt_close.o) (alt_errno)
../Embed_System_bsp/\libhal_bsp.a(alt_find_dev.o)
                              ../Embed_System_bsp/\libhal_bsp.a(altera_modular_adc.o) (alt_find_dev)
../Embed_System_bsp/\libhal_bsp.a(alt_flash_dev.o)
                              ../Embed_System_bsp/\libhal_bsp.a(altera_onchip_flash.o) (alt_flash_dev_list)
../Embed_System_bsp/\libhal_bsp.a(alt_icache_flush_all.o)
                              ../Embed_System_bsp/\libhal_bsp.a(alt_load.o) (alt_icache_flush_all)
../Embed_System_bsp/\libhal_bsp.a(alt_iic.o)
                              ../Embed_System_bsp/\libhal_bsp.a(altera_avalon_timer_sc.o) (alt_ic_isr_register)
../Embed_System_bsp/\libhal_bsp.a(alt_iic_isr_register.o)
                              ../Embed_System_bsp/\libhal_bsp.a(alt_iic.o) (alt_iic_isr_register)
../Embed_System_bsp/\libhal_bsp.a(alt_io_redirect.o)
                              ../Embed_System_bsp/\libhal_bsp.a(alt_main.o) (alt_io_redirect)
../Embed_System_bsp/\libhal_bsp.a(alt_irq_entry.o)
                              ../Embed_System_bsp/\libhal_bsp.a(alt_iic_isr_register.o) (alt_irq_entry)
../Embed_System_bsp/\libhal_bsp.a(alt_irq_handler.o)
                              ../Embed_System_bsp/\libhal_bsp.a(alt_iic_isr_register.o) (alt_irq_handler)
../Embed_System_bsp/\libhal_bsp.a(alt_irq_vars.o)
                              ../Embed_System_bsp/\libhal_bsp.a(alt_iic.o) (alt_irq_active)
../Embed_System_bsp/\libhal_bsp.a(alt_open.o)
                              ../Embed_System_bsp/\libhal_bsp.a(alt_io_redirect.o) (open)
../Embed_System_bsp/\libhal_bsp.a(alt_release_fd.o)
[...]
Memory Configuration

Name             Origin             Length             Attributes
sdram            0x0000000004000000 0x0000000004000000
onchip_flash_0_data 0x0000000009200000 0x0000000000160000
reset            0x0000000009404000 0x0000000000000020
onchip_ram       0x0000000009404020 0x0000000000003fe0
*default*        0x0000000000000000 0xffffffffffffffff

Linker script and memory map

LOAD ../Embed_System_bsp//obj/HAL/src/crt0.o
LOAD obj/default/main.o
LOAD obj/default/src/alarm_util.o
LOAD obj/default/src/delay_wait.o
LOAD obj/default/src/error_loop.o
LOAD obj/default/src/jtag_uart_util.o
LOAD obj/default/src/led_util.o
LOAD c:/intelfpga_lite/18.1/nios2eds/bin/gnu/h-x86_64-mingw32/bin/../lib/gcc/nios2-elf/5.3.0/../../../../../H-x86_64-mingw32/nios2-elf/lib\libstdc++.a
LOAD c:/intelfpga_lite/18.1/nios2eds/bin/gnu/h-x86_64-mingw32/bin/../lib/gcc/nios2-elf/5.3.0/../../../../../H-x86_64-mingw32/nios2-elf/lib\libm.a
LOAD c:/intelfpga_lite/18.1/nios2eds/bin/gnu/h-x86_64-mingw32/bin/../lib/gcc/nios2-elf/5.3.0\libgcc.a
START GROUP
LOAD c:/intelfpga_lite/18.1/nios2eds/bin/gnu/h-x86_64-mingw32/bin/../lib/gcc/nios2-elf/5.3.0/../../../../../H-x86_64-mingw32/nios2-elf/lib\libc.a
LOAD c:/intelfpga_lite/18.1/nios2eds/bin/gnu/h-x86_64-mingw32/bin/../lib/gcc/nios2-elf/5.3.0\libgcc.a
LOAD ../Embed_System_bsp/\libhal_bsp.a
LOAD c:/intelfpga_lite/18.1/nios2eds/bin/gnu/h-x86_64-mingw32/bin/../lib/gcc/nios2-elf/5.3.0/../../../../../H-x86_64-mingw32/nios2-elf/lib\libm.a
END GROUP
LOAD c:/intelfpga_lite/18.1/nios2eds/bin/gnu/h-x86_64-mingw32/bin/../lib/gcc/nios2-elf/5.3.0\libgcc.a
                0x0000000004000000                __alt_mem_sdram = 0x4000000
                0x0000000009200000                __alt_mem_onchip_flash_0_data = 0x9200000
                0x0000000009404000                __alt_mem_onchip_ram = 0x9404000

.entry          0x0000000009404000       0x20
 *(.entry)
 .entry         0x0000000009404000       0x20 ../Embed_System_bsp//obj/HAL/src/crt0.o
                0x0000000009404000                __reset

.exceptions     0x0000000009404020      0x16c load address 0x0000000004000000
                0x0000000009404020                PROVIDE (__ram_exceptions_start, ABSOLUTE (.))
                0x0000000009404020                . = ALIGN (0x20)
 *(.irq)
 *(.exceptions.entry.label)
 .exceptions.entry.label
                0x0000000009404020        0x0 ../Embed_System_bsp/\libhal_bsp.a(alt_irq_entry.o)
                0x0000000009404020                alt_irq_entry
 .exceptions.entry.label
                0x0000000009404020        0x0 ../Embed_System_bsp/\libhal_bsp.a(alt_exception_entry.o)
                0x0000000009404020                alt_exception
 *(.exceptions.entry.user)
 *(.exceptions.entry.ecc_fatal)
 *(.exceptions.entry)
 .exceptions.entry
                0x0000000009404020       0x54 ../Embed_System_bsp/\libhal_bsp.a(alt_exception_entry.o)
 *(.exceptions.irqtest.user)
 *(.exceptions.irqtest)
 .exceptions.irqtest
                0x0000000009404074       0x10 ../Embed_System_bsp/\libhal_bsp.a(alt_irq_entry.o)
 *(.exceptions.irqhandler.user)
 *(.exceptions.irqhandler)
 .exceptions.irqhandler
                0x0000000009404084        0x4 ../Embed_System_bsp/\libhal_bsp.a(alt_irq_entry.o)
 *(.exceptions.irqreturn.user)
 *(.exceptions.irqreturn)
 .exceptions.irqreturn
                0x0000000009404088        0x4 ../Embed_System_bsp/\libhal_bsp.a(alt_irq_entry.o)
 *(.exceptions.notirq.label)
 .exceptions.notirq.label
                0x000000000940408c        0x0 ../Embed_System_bsp/\libhal_bsp.a(alt_irq_entry.o)
 *(.exceptions.notirq.user)
 *(.exceptions.notirq)
 .exceptions.notirq
                0x000000000940408c        0x8 ../Embed_System_bsp/\libhal_bsp.a(alt_exception_entry.o)
 *(.exceptions.soft.user)
 *(.exceptions.soft)
 *(.exceptions.unknown.user)
 *(.exceptions.unknown)
 .exceptions.unknown
                0x0000000009404094       0x14 ../Embed_System_bsp/\libhal_bsp.a(alt_exception_entry.o)
 *(.exceptions.exit.label)
 .exceptions.exit.label
                0x00000000094040a8        0x0 ../Embed_System_bsp/\libhal_bsp.a(alt_irq_entry.o)
 .exceptions.exit.label
                0x00000000094040a8        0x0 ../Embed_System_bsp/\libhal_bsp.a(alt_exception_entry.o)
 *(.exceptions.exit.user)
 *(.exceptions.exit)
 .exceptions.exit
                0x00000000094040a8       0x54 ../Embed_System_bsp/\libhal_bsp.a(alt_exception_entry.o)
 *(.exceptions)
 .exceptions    0x00000000094040fc       0x64 ../Embed_System_bsp/\libhal_bsp.a(alt_irq_handler.o)
                0x00000000094040fc                alt_irq_handler
 .exceptions    0x0000000009404160       0x2c ../Embed_System_bsp/\libhal_bsp.a(alt_instruction_exception_entry.o)
                0x0000000009404160                alt_instruction_exception_entry
                0x000000000940418c                PROVIDE (__ram_exceptions_end, ABSOLUTE (.))
                0x0000000004000000                PROVIDE (__flash_exceptions_start, LOADADDR (.exceptions))

.text           0x000000000400016c     0x4c48
                [!provide]                        PROVIDE (stext, ABSOLUTE (.))
 *(.interp)
 *(.hash)
 *(.dynsym)
 *(.dynstr)
 *(.gnu.version)
 *(.gnu.version_d)
 *(.gnu.version_r)
 *(.rel.init)
 *(.rela.init)
 *(.rel.text .rel.text.* .rel.gnu.linkonce.t.*)
 *(.rela.text .rela.text.* .rela.gnu.linkonce.t.*)
 *(.rel.fini)
 *(.rela.fini)
 *(.rel.rodata .rel.rodata.* .rel.gnu.linkonce.r.*)
 *(.rela.rodata .rela.rodata.* .rela.gnu.linkonce.r.*)
 *(.rel.data .rel.data.* .rel.gnu.linkonce.d.*)
 *(.rela.data .rela.data.* .rela.gnu.linkonce.d.*)
 *(.rel.tdata .rel.tdata.* .rel.gnu.linkonce.td.*)
 *(.rela.tdata .rela.tdata.* .rela.gnu.linkonce.td.*)
 *(.rel.tbss .rel.tbss.* .rel.gnu.linkonce.tb.*)
 *(.rela.tbss .rela.tbss.* .rela.gnu.linkonce.tb.*)
 *(.rel.ctors)
 *(.rela.ctors)
 *(.rel.dtors)
 *(.rela.dtors)
 *(.rel.got)
 *(.rela.got)
 *(.rel.sdata .rel.sdata.* .rel.gnu.linkonce.s.*)
 *(.rela.sdata .rela.sdata.* .rela.gnu.linkonce.s.*)
 *(.rel.sbss .rel.sbss.* .rel.gnu.linkonce.sb.*)
 *(.rela.sbss .rela.sbss.* .rela.gnu.linkonce.sb.*)
 *(.rel.sdata2 .rel.sdata2.* .rel.gnu.linkonce.s2.*)
 *(.rela.sdata2 .rela.sdata2.* .rela.gnu.linkonce.s2.*)
 *(.rel.sbss2 .rel.sbss2.* .rel.gnu.linkonce.sb2.*)
 *(.rela.sbss2 .rela.sbss2.* .rela.gnu.linkonce.sb2.*)
 *(.rel.bss .rel.bss.* .rel.gnu.linkonce.b.*)
 *(.rela.bss .rela.bss.* .rela.gnu.linkonce.b.*)
 *(.rel.plt)
 *(.rela.plt)
 *(.rel.dyn)
 *(.init)
 *(.plt)
 *(.text .stub .text.* .gnu.linkonce.t.*)
 .text          0x000000000400016c       0x4c ../Embed_System_bsp//obj/HAL/src/crt0.o
                0x000000000400016c                _start
 .text          0x00000000040001b8        0x0 obj/default/main.o
 .text.startup  0x00000000040001b8      0x174 obj/default/main.o
                0x00000000040001b8                main
 .text          0x000000000400032c      0x148 obj/default/src/alarm_util.o
                0x000000000400032c                my_alarm_callback
                0x0000000004000340                alarm_init
 .text          0x0000000004000474      0x114 obj/default/src/delay_wait.o
                0x0000000004000474                delay_wait
                0x0000000004000530                set_delay_mode_250ms
                0x0000000004000544                set_delay_mode_100ms
                0x0000000004000558                set_delay_mode_10ms
                0x000000000400056c                set_delay_mode_1ms
                0x0000000004000580                set_delay_mode_none
 .text          0x0000000004000588       0x24 obj/default/src/error_loop.o
                0x0000000004000588                error_loop
 .text          0x00000000040005ac       0x5c obj/default/src/jtag_uart_util.o
                0x00000000040005ac                print_binary_count_stdio
 .text          0x0000000004000608       0x34 obj/default/src/led_util.o
                0x0000000004000608                update_led
 .text          0x000000000400063c      0x1b4 c:/intelfpga_lite/18.1/nios2eds/bin/gnu/h-x86_64-mingw32/bin/../lib/gcc/nios2-elf/5.3.0\libgcc.a(lib2-divmod.o)
                0x000000000400063c                __divsi3
                0x00000000040006c0                __modsi3
                0x0000000004000734                __udivsi3
                0x0000000004000798                __umodsi3
 .text          0x00000000040007f0       0x80 ../Embed_System_bsp/\libhal_bsp.a(alt_alarm_start.o)
                0x00000000040007f0                alt_alarm_start
 .text          0x0000000004000870        0xc ../Embed_System_bsp/\libhal_bsp.a(alt_getchar.o)
                0x0000000004000870                alt_getchar
 .text          0x000000000400087c      0x114 ../Embed_System_bsp/\libhal_bsp.a(alt_load.o)
                0x000000000400087c                alt_load
 .text          0x0000000004000990       0x50 ../Embed_System_bsp/\libhal_bsp.a(alt_main.o)
                0x0000000004000990                alt_main
 .text          0x00000000040009e0      0x17c ../Embed_System_bsp/\libhal_bsp.a(alt_printf.o)
                0x00000000040009e0                alt_printf
 .text          0x0000000004000b5c        0xc ../Embed_System_bsp/\libhal_bsp.a(alt_putchar.o)
                0x0000000004000b5c                alt_putchar
 .text          0x0000000004000b68      0x128 ../Embed_System_bsp/\libhal_bsp.a(alt_tick.o)
                0x0000000004000b68                alt_alarm_stop
                0x0000000004000b9c                alt_tick
 .text          0x0000000004000c90       0x74 ../Embed_System_bsp/\libhal_bsp.a(alt_sys_init.o)
                0x0000000004000c90                alt_irq_init
                0x0000000004000cb0                alt_sys_init
 .text          0x0000000004000d04       0x20 ../Embed_System_bsp/\libhal_bsp.a(altera_avalon_jtag_uart_fd.o)
                0x0000000004000d04                altera_avalon_jtag_uart_read_fd
                0x0000000004000d14                altera_avalon_jtag_uart_write_fd
 .text          0x0000000004000d24       0x74 ../Embed_System_bsp/\libhal_bsp.a(altera_avalon_jtag_uart_read.o)
                0x0000000004000d24                altera_avalon_jtag_uart_read
 .text          0x0000000004000d98       0x34 ../Embed_System_bsp/\libhal_bsp.a(altera_avalon_jtag_uart_write.o)
                0x0000000004000d98                altera_avalon_jtag_uart_write
 .text          0x0000000004000dcc       0x84 ../Embed_System_bsp/\libhal_bsp.a(altera_avalon_timer_sc.o)
                0x0000000004000e08                alt_avalon_timer_sc_init
 .text          0x0000000004000e50      0x270 ../Embed_System_bsp/\libhal_bsp.a(altera_modular_adc.o)
                0x0000000004000eb4                alt_adc_word_read
                0x0000000004000eec                altera_modular_adc_init
                0x0000000004000f50                alt_adc_register_callback
                0x0000000004000fac                altera_modular_adc_open
                0x0000000004000fb4                adc_stop
                0x0000000004000fd4                adc_start
                0x0000000004000fe4                adc_set_mode_run_once
                0x0000000004000ffc                adc_set_mode_run_continuously
                0x0000000004001010                adc_recalibrate
                0x000000000400105c                adc_interrupt_enable
                0x0000000004001070                adc_interrupt_disable
                0x0000000004001088                adc_clear_interrupt_status
                0x000000000400109c                adc_interrupt_asserted
                0x00000000040010ac                adc_wait_for_interrupt
 .text          0x00000000040010c0      0xa1c ../Embed_System_bsp/\libhal_bsp.a(altera_onchip_flash.o)
                0x00000000040010c0                alt_onchip_flash_read
                0x0000000004001130                alt_onchip_flash_get_info
                0x0000000004001178                alt_onchip_flash_erase_block
                0x00000000040012f0                alt_onchip_flash_write_block
                0x0000000004001510                alt_onchip_flash_write
                0x000000000400171c                altera_onchip_flash_init
                0x00000000040019c0                alt_onchip_flash_poll_for_status_to_go_idle
                0x0000000004001a1c                alt_onchip_flash_poll_for_status_erase_passed
                0x0000000004001a7c                alt_onchip_flash_poll_for_status_write_passed
 .text          0x0000000004001adc       0x78 ../Embed_System_bsp/\libhal_bsp.a(alt_busy_sleep.o)
                0x0000000004001adc                alt_busy_sleep
 .text          0x0000000004001b54       0xbc ../Embed_System_bsp/\libhal_bsp.a(alt_close.o)
                0x0000000004001b54                close
 .text          0x0000000004001c10       0x40 ../Embed_System_bsp/\libhal_bsp.a(alt_dcache_flush.o)
                0x0000000004001c10                alt_dcache_flush
 .text          0x0000000004001c50       0x18 ../Embed_System_bsp/\libhal_bsp.a(alt_dcache_flush_all.o)
                0x0000000004001c50                alt_dcache_flush_all
 .text          0x0000000004001c68        0x8 ../Embed_System_bsp/\libhal_bsp.a(alt_dev.o)
 .text          0x0000000004001c70       0x6c ../Embed_System_bsp/\libhal_bsp.a(alt_dev_llist_insert.o)
                0x0000000004001c70                alt_dev_llist_insert
 .text          0x0000000004001cdc        0x0 ../Embed_System_bsp/\libhal_bsp.a(alt_errno.o)
 .text          0x0000000004001cdc       0x78 ../Embed_System_bsp/\libhal_bsp.a(alt_find_dev.o)
                0x0000000004001cdc                alt_find_dev
 .text          0x0000000004001d54       0x64 ../Embed_System_bsp/\libhal_bsp.a(alt_flash_dev.o)
                0x0000000004001d54                alt_flash_open_dev
                0x0000000004001da4                alt_flash_close_dev
 .text          0x0000000004001db8        0xc ../Embed_System_bsp/\libhal_bsp.a(alt_icache_flush_all.o)
                0x0000000004001db8                alt_icache_flush_all
 .text          0x0000000004001dc4       0x8c ../Embed_System_bsp/\libhal_bsp.a(alt_iic.o)
                0x0000000004001dc4                alt_ic_isr_register
                0x0000000004001dc8                alt_ic_irq_enable
                0x0000000004001e00                alt_ic_irq_disable
                0x0000000004001e38                alt_ic_irq_enabled
 .text          0x0000000004001e50       0x68 ../Embed_System_bsp/\libhal_bsp.a(alt_iic_isr_register.o)
                0x0000000004001e50                alt_iic_isr_register
 .text          0x0000000004001eb8       0xe8 ../Embed_System_bsp/\libhal_bsp.a(alt_io_redirect.o)
                0x0000000004001f2c                alt_io_redirect
 .text          0x0000000004001fa0        0x0 ../Embed_System_bsp/\libhal_bsp.a(alt_irq_entry.o)
 .text          0x0000000004001fa0        0x0 ../Embed_System_bsp/\libhal_bsp.a(alt_irq_handler.o)
 .text          0x0000000004001fa0        0x0 ../Embed_System_bsp/\libhal_bsp.a(alt_irq_vars.o)
 .text          0x0000000004001fa0      0x178 ../Embed_System_bsp/\libhal_bsp.a(alt_open.o)
                0x0000000004001fa0                open
 .text          0x0000000004002118       0x24 ../Embed_System_bsp/\libhal_bsp.a(alt_release_fd.o)
                0x0000000004002118                alt_release_fd
 .text          0x000000000400213c        0x8 ../Embed_System_bsp/\libhal_bsp.a(altera_nios2_gen2_irq.o)
                0x000000000400213c                altera_nios2_gen2_irq_init
 .text          0x0000000004002144        0x0 ../Embed_System_bsp/\libhal_bsp.a(alt_exception_entry.o)
 .text          0x0000000004002144       0xac ../Embed_System_bsp/\libhal_bsp.a(alt_find_file.o)
                0x0000000004002144                alt_find_file
 .text          0x00000000040021f0       0x50 ../Embed_System_bsp/\libhal_bsp.a(alt_get_fd.o)
                0x00000000040021f0                alt_get_fd
 .text          0x0000000004002240       0x50 ../Embed_System_bsp/\libhal_bsp.a(alt_icache_flush.o)
                0x0000000004002240                alt_icache_flush
 .text          0x0000000004002290       0x74 ../Embed_System_bsp/\libhal_bsp.a(alt_instruction_exception_entry.o)
                0x0000000004002290                alt_exception_cause_generated_bad_addr
 .text          0x0000000004002304        0x0 c:/intelfpga_lite/18.1/nios2eds/bin/gnu/h-x86_64-mingw32/bin/../lib/gcc/nios2-elf/5.3.0/../../../../../H-x86_64-mingw32/nios2-elf/lib\libc.a(lib_a-exit.o)
 .text.exit     0x0000000004002304       0x38 c:/intelfpga_lite/18.1/nios2eds/bin/gnu/h-x86_64-mingw32/bin/../lib/gcc/nios2-elf/5.3.0/../../../../../H-x86_64-mingw32/nios2-elf/lib\libc.a(lib_a-exit.o)
                0x0000000004002304                exit
 .text          0x000000000400233c        0x0 c:/intelfpga_lite/18.1/nios2eds/bin/gnu/h-x86_64-mingw32/bin/../lib/gcc/nios2-elf/5.3.0/../../../../../H-x86_64-mingw32/nios2-elf/lib\libc.a(lib_a-getc.o)
 .text._getc_r  0x000000000400233c       0x70 c:/intelfpga_lite/18.1/nios2eds/bin/gnu/h-x86_64-mingw32/bin/../lib/gcc/nios2-elf/5.3.0/../../../../../H-x86_64-mingw32/nios2-elf/lib\libc.a(lib_a-getc.o)
                0x000000000400233c                _getc_r
 .text.getc     0x00000000040023ac       0x88 c:/intelfpga_lite/18.1/nios2eds/bin/gnu/h-x86_64-mingw32/bin/../lib/gcc/nios2-elf/5.3.0/../../../../../H-x86_64-mingw32/nios2-elf/lib\libc.a(lib_a-getc.o)
                0x00000000040023ac                getc
 .text          0x0000000004002434        0x0 c:/intelfpga_lite/18.1/nios2eds/bin/gnu/h-x86_64-mingw32/bin/../lib/gcc/nios2-elf/5.3.0/../../../../../H-x86_64-mingw32/nios2-elf/lib\libc.a(lib_a-impure.o)
 .text          0x0000000004002434        0x0 c:/intelfpga_lite/18.1/nios2eds/bin/gnu/h-x86_64-mingw32/bin/../lib/gcc/nios2-elf/5.3.0/../../../../../H-x86_64-mingw32/nios2-elf/lib\libc.a(lib_a-int_errno.o)
 .text          0x0000000004002434        0x0 c:/intelfpga_lite/18.1/nios2eds/bin/gnu/h-x86_64-mingw32/bin/../lib/gcc/nios2-elf/5.3.0/../../../../../H-x86_64-mingw32/nios2-elf/lib\libc.a(lib_a-memcmp.o)
 .text.memcmp   0x0000000004002434       0x7c c:/intelfpga_lite/18.1/nios2eds/bin/gnu/h-x86_64-mingw32/bin/../lib/gcc/nios2-elf/5.3.0/../../../../../H-x86_64-mingw32/nios2-elf/lib\libc.a(lib_a-memcmp.o)
                0x0000000004002434                memcmp
 .text          0x00000000040024b0        0x0 c:/intelfpga_lite/18.1/nios2eds/bin/gnu/h-x86_64-mingw32/bin/../lib/gcc/nios2-elf/5.3.0/../../../../../H-x86_64-mingw32/nios2-elf/lib\libc.a(lib_a-memcpy.o)
 .text.memcpy   0x00000000040024b0      0x148 c:/intelfpga_lite/18.1/nios2eds/bin/gnu/h-x86_64-mingw32/bin/../lib/gcc/nios2-elf/5.3.0/../../../../../H-x86_64-mingw32/nios2-elf/lib\libc.a(lib_a-memcpy.o)
                0x00000000040024b0                memcpy
 .text          0x00000000040025f8        0x0 c:/intelfpga_lite/18.1/nios2eds/bin/gnu/h-x86_64-mingw32/bin/../lib/gcc/nios2-elf/5.3.0/../../../../../H-x86_64-mingw32/nios2-elf/lib\libc.a(lib_a-putc.o)
 .text._putc_r  0x00000000040025f8       0xa0 c:/intelfpga_lite/18.1/nios2eds/bin/gnu/h-x86_64-mingw32/bin/../lib/gcc/nios2-elf/5.3.0/../../../../../H-x86_64-mingw32/nios2-elf/lib\libc.a(lib_a-putc.o)
                0x00000000040025f8                _putc_r
 .text.putc     0x0000000004002698       0xc8 c:/intelfpga_lite/18.1/nios2eds/bin/gnu/h-x86_64-mingw32/bin/../lib/gcc/nios2-elf/5.3.0/../../../../../H-x86_64-mingw32/nios2-elf/lib\libc.a(lib_a-putc.o)
                0x0000000004002698                putc
 .text          0x0000000004002760        0x0 c:/intelfpga_lite/18.1/nios2eds/bin/gnu/h-x86_64-mingw32/bin/../lib/gcc/nios2-elf/5.3.0/../../../../../H-x86_64-mingw32/nios2-elf/lib\libc.a(lib_a-rget.o)
 .text.__srget_r
                0x0000000004002760       0x74 c:/intelfpga_lite/18.1/nios2eds/bin/gnu/h-x86_64-mingw32/bin/../lib/gcc/nios2-elf/5.3.0/../../../../../H-x86_64-mingw32/nios2-elf/lib\libc.a(lib_a-rget.o)
                0x0000000004002760                __srget_r
 .text.__srget  0x00000000040027d4       0x14 c:/intelfpga_lite/18.1/nios2eds/bin/gnu/h-x86_64-mingw32/bin/../lib/gcc/nios2-elf/5.3.0/../../../../../H-x86_64-mingw32/nios2-elf/lib\libc.a(lib_a-rget.o)
                0x00000000040027d4                __srget
 .text          0x00000000040027e8        0x0 c:/intelfpga_lite/18.1/nios2eds/bin/gnu/h-x86_64-mingw32/bin/../lib/gcc/nios2-elf/5.3.0/../../../../../H-x86_64-mingw32/nios2-elf/lib\libc.a(lib_a-strlen.o)
 .text.strlen   0x00000000040027e8       0x98 c:/intelfpga_lite/18.1/nios2eds/bin/gnu/h-x86_64-mingw32/bin/../lib/gcc/nios2-elf/5.3.0/../../../../../H-x86_64-mingw32/nios2-elf/lib\libc.a(lib_a-strlen.o)
                0x00000000040027e8                strlen
 .text          0x0000000004002880        0x0 c:/intelfpga_lite/18.1/nios2eds/bin/gnu/h-x86_64-mingw32/bin/../lib/gcc/nios2-elf/5.3.0/../../../../../H-x86_64-mingw32/nios2-elf/lib\libc.a(lib_a-wbuf.o)
 .text.__swbuf_r
                0x0000000004002880      0x140 c:/intelfpga_lite/18.1/nios2eds/bin/gnu/h-x86_64-mingw32/bin/../lib/gcc/nios2-elf/5.3.0/../../../../../H-x86_64-mingw32/nios2-elf/lib\libc.a(lib_a-wbuf.o)
                0x0000000004002880                __swbuf_r
 .text.__swbuf  0x00000000040029c0       0x18 c:/intelfpga_lite/18.1/nios2eds/bin/gnu/h-x86_64-mingw32/bin/../lib/gcc/nios2-elf/5.3.0/../../../../../H-x86_64-mingw32/nios2-elf/lib\libc.a(lib_a-wbuf.o)
                0x00000000040029c0                __swbuf
 .text          0x00000000040029d8        0x0 c:/intelfpga_lite/18.1/nios2eds/bin/gnu/h-x86_64-mingw32/bin/../lib/gcc/nios2-elf/5.3.0/../../../../../H-x86_64-mingw32/nios2-elf/lib\libc.a(lib_a-wsetup.o)
 .text.__swsetup_r
                0x00000000040029d8      0x154 c:/intelfpga_lite/18.1/nios2eds/bin/gnu/h-x86_64-mingw32/bin/../lib/gcc/nios2-elf/5.3.0/../../../../../H-x86_64-mingw32/nios2-elf/lib\libc.a(lib_a-wsetup.o)
                0x00000000040029d8                __swsetup_r
 .text          0x0000000004002b2c        0x0 c:/intelfpga_lite/18.1/nios2eds/bin/gnu/h-x86_64-mingw32/bin/../lib/gcc/nios2-elf/5.3.0/../../../../../H-x86_64-mingw32/nios2-elf/lib\libc.a(lib_a-__call_atexit.o)
 .text.__call_exitprocs
                0x0000000004002b2c      0x180 c:/intelfpga_lite/18.1/nios2eds/bin/gnu/h-x86_64-mingw32/bin/../lib/gcc/nios2-elf/5.3.0/../../../../../H-x86_64-mingw32/nios2-elf/lib\libc.a(lib_a-__call_atexit.o)
                0x0000000004002b2c                __call_exitprocs
 .text          0x0000000004002cac        0x0 c:/intelfpga_lite/18.1/nios2eds/bin/gnu/h-x86_64-mingw32/bin/../lib/gcc/nios2-elf/5.3.0/../../../../../H-x86_64-mingw32/nios2-elf/lib\libc.a(lib_a-fflush.o)
 .text.__sflush_r
                0x0000000004002cac      0x21c c:/intelfpga_lite/18.1/nios2eds/bin/gnu/h-x86_64-mingw32/bin/../lib/gcc/nios2-elf/5.3.0/../../../../../H-x86_64-mingw32/nios2-elf/lib\libc.a(lib_a-fflush.o)
                0x0000000004002cac                __sflush_r
 .text._fflush_r
                0x0000000004002ec8       0x5c c:/intelfpga_lite/18.1/nios2eds/bin/gnu/h-x86_64-mingw32/bin/../lib/gcc/nios2-elf/5.3.0/../../../../../H-x86_64-mingw32/nios2-elf/lib\libc.a(lib_a-fflush.o)
                0x0000000004002ec8                _fflush_r
 .text.fflush   0x0000000004002f24       0x30 c:/intelfpga_lite/18.1/nios2eds/bin/gnu/h-x86_64-mingw32/bin/../lib/gcc/nios2-elf/5.3.0/../../../../../H-x86_64-mingw32/nios2-elf/lib\libc.a(lib_a-fflush.o)
                0x0000000004002f24                fflush
 .text          0x0000000004002f54        0x0 c:/intelfpga_lite/18.1/nios2eds/bin/gnu/h-x86_64-mingw32/bin/../lib/gcc/nios2-elf/5.3.0/../../../../../H-x86_64-mingw32/nios2-elf/lib\libc.a(lib_a-findfp.o)
 .text.__fp_unlock
                0x0000000004002f54        0x8 c:/intelfpga_lite/18.1/nios2eds/bin/gnu/h-x86_64-mingw32/bin/../lib/gcc/nios2-elf/5.3.0/../../../../../H-x86_64-mingw32/nios2-elf/lib\libc.a(lib_a-findfp.o)
 .text._cleanup_r
                0x0000000004002f5c        0xc c:/intelfpga_lite/18.1/nios2eds/bin/gnu/h-x86_64-mingw32/bin/../lib/gcc/nios2-elf/5.3.0/../../../../../H-x86_64-mingw32/nios2-elf/lib\libc.a(lib_a-findfp.o)
                0x0000000004002f5c                _cleanup_r
 .text.__sinit.part.1
                0x0000000004002f68      0x19c c:/intelfpga_lite/18.1/nios2eds/bin/gnu/h-x86_64-mingw32/bin/../lib/gcc/nios2-elf/5.3.0/../../../../../H-x86_64-mingw32/nios2-elf/lib\libc.a(lib_a-findfp.o)
 .text.__fp_lock
                0x0000000004003104        0x8 c:/intelfpga_lite/18.1/nios2eds/bin/gnu/h-x86_64-mingw32/bin/../lib/gcc/nios2-elf/5.3.0/../../../../../H-x86_64-mingw32/nios2-elf/lib\libc.a(lib_a-findfp.o)
 .text.__sfmoreglue
                0x000000000400310c       0x68 c:/intelfpga_lite/18.1/nios2eds/bin/gnu/h-x86_64-mingw32/bin/../lib/gcc/nios2-elf/5.3.0/../../../../../H-x86_64-mingw32/nios2-elf/lib\libc.a(lib_a-findfp.o)
                0x000000000400310c                __sfmoreglue
 .text.__sfp    0x0000000004003174      0x118 c:/intelfpga_lite/18.1/nios2eds/bin/gnu/h-x86_64-mingw32/bin/../lib/gcc/nios2-elf/5.3.0/../../../../../H-x86_64-mingw32/nios2-elf/lib\libc.a(lib_a-findfp.o)
                0x0000000004003174                __sfp
 .text._cleanup
                0x000000000400328c       0x18 c:/intelfpga_lite/18.1/nios2eds/bin/gnu/h-x86_64-mingw32/bin/../lib/gcc/nios2-elf/5.3.0/../../../../../H-x86_64-mingw32/nios2-elf/lib\libc.a(lib_a-findfp.o)
                0x000000000400328c                _cleanup
 .text.__sinit  0x00000000040032a4       0x10 c:/intelfpga_lite/18.1/nios2eds/bin/gnu/h-x86_64-mingw32/bin/../lib/gcc/nios2-elf/5.3.0/../../../../../H-x86_64-mingw32/nios2-elf/lib\libc.a(lib_a-findfp.o)
                0x00000000040032a4                __sinit
 .text.__sfp_lock_acquire
                0x00000000040032b4        0x4 c:/intelfpga_lite/18.1/nios2eds/bin/gnu/h-x86_64-mingw32/bin/../lib/gcc/nios2-elf/5.3.0/../../../../../H-x86_64-mingw32/nios2-elf/lib\libc.a(lib_a-findfp.o)
                0x00000000040032b4                __sfp_lock_acquire
 .text.__sfp_lock_release
                0x00000000040032b8        0x4 c:/intelfpga_lite/18.1/nios2eds/bin/gnu/h-x86_64-mingw32/bin/../lib/gcc/nios2-elf/5.3.0/../../../../../H-x86_64-mingw32/nios2-elf/lib\libc.a(lib_a-findfp.o)
                0x00000000040032b8                __sfp_lock_release
 .text.__sinit_lock_acquire
                0x00000000040032bc        0x4 c:/intelfpga_lite/18.1/nios2eds/bin/gnu/h-x86_64-mingw32/bin/../lib/gcc/nios2-elf/5.3.0/../../../../../H-x86_64-mingw32/nios2-elf/lib\libc.a(lib_a-findfp.o)
                0x00000000040032bc                __sinit_lock_acquire
 .text.__sinit_lock_release
                0x00000000040032c0        0x4 c:/intelfpga_lite/18.1/nios2eds/bin/gnu/h-x86_64-mingw32/bin/../lib/gcc/nios2-elf/5.3.0/../../../../../H-x86_64-mingw32/nios2-elf/lib\libc.a(lib_a-findfp.o)
                0x00000000040032c0                __sinit_lock_release
 .text.__fp_lock_all
                0x00000000040032c4       0x18 c:/intelfpga_lite/18.1/nios2eds/bin/gnu/h-x86_64-mingw32/bin/../lib/gcc/nios2-elf/5.3.0/../../../../../H-x86_64-mingw32/nios2-elf/lib\libc.a(lib_a-findfp.o)
                0x00000000040032c4                __fp_lock_all
 .text.__fp_unlock_all
                0x00000000040032dc       0x18 c:/intelfpga_lite/18.1/nios2eds/bin/gnu/h-x86_64-mingw32/bin/../lib/gcc/nios2-elf/5.3.0/../../../../../H-x86_64-mingw32/nios2-elf/lib\libc.a(lib_a-findfp.o)
                0x00000000040032dc                __fp_unlock_all
 .text          0x00000000040032f4        0x0 c:/intelfpga_lite/18.1/nios2eds/bin/gnu/h-x86_64-mingw32/bin/../lib/gcc/nios2-elf/5.3.0/../../../../../H-x86_64-mingw32/nios2-elf/lib\libc.a(lib_a-freer.o)
 .text._malloc_trim_r
                0x00000000040032f4      0x124 c:/intelfpga_lite/18.1/nios2eds/bin/gnu/h-x86_64-mingw32/bin/../lib/gcc/nios2-elf/5.3.0/../../../../../H-x86_64-mingw32/nios2-elf/lib\libc.a(lib_a-freer.o)
                0x00000000040032f4                _malloc_trim_r
 .text._free_r  0x0000000004003418      0x310 c:/intelfpga_lite/18.1/nios2eds/bin/gnu/h-x86_64-mingw32/bin/../lib/gcc/nios2-elf/5.3.0/../../../../../H-x86_64-mingw32/nios2-elf/lib\libc.a(lib_a-freer.o)
                0x0000000004003418                _free_r
 .text          0x0000000004003728        0x0 c:/intelfpga_lite/18.1/nios2eds/bin/gnu/h-x86_64-mingw32/bin/../lib/gcc/nios2-elf/5.3.0/../../../../../H-x86_64-mingw32/nios2-elf/lib\libc.a(lib_a-fwalk.o)
 .text._fwalk   0x0000000004003728       0xc4 c:/intelfpga_lite/18.1/nios2eds/bin/gnu/h-x86_64-mingw32/bin/../lib/gcc/nios2-elf/5.3.0/../../../../../H-x86_64-mingw32/nios2-elf/lib\libc.a(lib_a-fwalk.o)
                0x0000000004003728                _fwalk
 .text._fwalk_reent
                0x00000000040037ec       0xc4 c:/intelfpga_lite/18.1/nios2eds/bin/gnu/h-x86_64-mingw32/bin/../lib/gcc/nios2-elf/5.3.0/../../../../../H-x86_64-mingw32/nios2-elf/lib\libc.a(lib_a-fwalk.o)
                0x00000000040037ec                _fwalk_reent
 .text          0x00000000040038b0        0x0 c:/intelfpga_lite/18.1/nios2eds/bin/gnu/h-x86_64-mingw32/bin/../lib/gcc/nios2-elf/5.3.0/../../../../../H-x86_64-mingw32/nios2-elf/lib\libc.a(lib_a-makebuf.o)
 .text.__smakebuf_r
                0x00000000040038b0      0x1bc c:/intelfpga_lite/18.1/nios2eds/bin/gnu/h-x86_64-mingw32/bin/../lib/gcc/nios2-elf/5.3.0/../../../../../H-x86_64-mingw32/nios2-elf/lib\libc.a(lib_a-makebuf.o)
                0x00000000040038b0                __smakebuf_r
 .text          0x0000000004003a6c        0x0 c:/intelfpga_lite/18.1/nios2eds/bin/gnu/h-x86_64-mingw32/bin/../lib/gcc/nios2-elf/5.3.0/../../../../../H-x86_64-mingw32/nios2-elf/lib\libc.a(lib_a-mallocr.o)
 .text._malloc_r
                0x0000000004003a6c      0x80c c:/intelfpga_lite/18.1/nios2eds/bin/gnu/h-x86_64-mingw32/bin/../lib/gcc/nios2-elf/5.3.0/../../../../../H-x86_64-mingw32/nios2-elf/lib\libc.a(lib_a-mallocr.o)
                0x0000000004003a6c                _malloc_r
 .text          0x0000000004004278        0x0 c:/intelfpga_lite/18.1/nios2eds/bin/gnu/h-x86_64-mingw32/bin/../lib/gcc/nios2-elf/5.3.0/../../../../../H-x86_64-mingw32/nios2-elf/lib\libc.a(lib_a-memset.o)
 .text.memset   0x0000000004004278      0x128 c:/intelfpga_lite/18.1/nios2eds/bin/gnu/h-x86_64-mingw32/bin/../lib/gcc/nios2-elf/5.3.0/../../../../../H-x86_64-mingw32/nios2-elf/lib\libc.a(lib_a-memset.o)
                0x0000000004004278                memset
 .text          0x00000000040043a0        0x0 c:/intelfpga_lite/18.1/nios2eds/bin/gnu/h-x86_64-mingw32/bin/../lib/gcc/nios2-elf/5.3.0/../../../../../H-x86_64-mingw32/nios2-elf/lib\libc.a(lib_a-refill.o)
 .text.lflush   0x00000000040043a0       0x1c c:/intelfpga_lite/18.1/nios2eds/bin/gnu/h-x86_64-mingw32/bin/../lib/gcc/nios2-elf/5.3.0/../../../../../H-x86_64-mingw32/nios2-elf/lib\libc.a(lib_a-refill.o)
 .text.__srefill_r
                0x00000000040043bc      0x1d4 c:/intelfpga_lite/18.1/nios2eds/bin/gnu/h-x86_64-mingw32/bin/../lib/gcc/nios2-elf/5.3.0/../../../../../H-x86_64-mingw32/nios2-elf/lib\libc.a(lib_a-refill.o)
                0x00000000040043bc                __srefill_r
 .text          0x0000000004004590        0x0 c:/intelfpga_lite/18.1/nios2eds/bin/gnu/h-x86_64-mingw32/bin/../lib/gcc/nios2-elf/5.3.0/../../../../../H-x86_64-mingw32/nios2-elf/lib\libc.a(lib_a-sbrkr.o)
 .text._sbrk_r  0x0000000004004590       0x54 c:/intelfpga_lite/18.1/nios2eds/bin/gnu/h-x86_64-mingw32/bin/../lib/gcc/nios2-elf/5.3.0/../../../../../H-x86_64-mingw32/nios2-elf/lib\libc.a(lib_a-sbrkr.o)
                0x0000000004004590                _sbrk_r
 .text          0x00000000040045e4        0x0 c:/intelfpga_lite/18.1/nios2eds/bin/gnu/h-x86_64-mingw32/bin/../lib/gcc/nios2-elf/5.3.0/../../../../../H-x86_64-mingw32/nios2-elf/lib\libc.a(lib_a-stdio.o)
 .text.__sread  0x00000000040045e4       0x54 c:/intelfpga_lite/18.1/nios2eds/bin/gnu/h-x86_64-mingw32/bin/../lib/gcc/nios2-elf/5.3.0/../../../../../H-x86_64-mingw32/nios2-elf/lib\libc.a(lib_a-stdio.o)
                0x00000000040045e4                __sread
 .text.__seofread
                0x0000000004004638        0x8 c:/intelfpga_lite/18.1/nios2eds/bin/gnu/h-x86_64-mingw32/bin/../lib/gcc/nios2-elf/5.3.0/../../../../../H-x86_64-mingw32/nios2-elf/lib\libc.a(lib_a-stdio.o)
                0x0000000004004638                __seofread
 .text.__swrite
                0x0000000004004640       0x7c c:/intelfpga_lite/18.1/nios2eds/bin/gnu/h-x86_64-mingw32/bin/../lib/gcc/nios2-elf/5.3.0/../../../../../H-x86_64-mingw32/nios2-elf/lib\libc.a(lib_a-stdio.o)
                0x0000000004004640                __swrite
 .text.__sseek  0x00000000040046bc       0x5c c:/intelfpga_lite/18.1/nios2eds/bin/gnu/h-x86_64-mingw32/bin/../lib/gcc/nios2-elf/5.3.0/../../../../../H-x86_64-mingw32/nios2-elf/lib\libc.a(lib_a-stdio.o)
                0x00000000040046bc                __sseek
 .text.__sclose
                0x0000000004004718        0x8 c:/intelfpga_lite/18.1/nios2eds/bin/gnu/h-x86_64-mingw32/bin/../lib/gcc/nios2-elf/5.3.0/../../../../../H-x86_64-mingw32/nios2-elf/lib\libc.a(lib_a-stdio.o)
                0x0000000004004718                __sclose
 .text          0x0000000004004720        0x0 c:/intelfpga_lite/18.1/nios2eds/bin/gnu/h-x86_64-mingw32/bin/../lib/gcc/nios2-elf/5.3.0/../../../../../H-x86_64-mingw32/nios2-elf/lib\libc.a(lib_a-writer.o)
 .text._write_r
                0x0000000004004720       0x60 c:/intelfpga_lite/18.1/nios2eds/bin/gnu/h-x86_64-mingw32/bin/../lib/gcc/nios2-elf/5.3.0/../../../../../H-x86_64-mingw32/nios2-elf/lib\libc.a(lib_a-writer.o)
                0x0000000004004720                _write_r
 .text          0x0000000004004780        0x0 c:/intelfpga_lite/18.1/nios2eds/bin/gnu/h-x86_64-mingw32/bin/../lib/gcc/nios2-elf/5.3.0/../../../../../H-x86_64-mingw32/nios2-elf/lib\libc.a(closer.o)
 .text._close_r
                0x0000000004004780       0x54 c:/intelfpga_lite/18.1/nios2eds/bin/gnu/h-x86_64-mingw32/bin/../lib/gcc/nios2-elf/5.3.0/../../../../../H-x86_64-mingw32/nios2-elf/lib\libc.a(closer.o)
                0x0000000004004780                _close_r
 .text          0x00000000040047d4        0x0 c:/intelfpga_lite/18.1/nios2eds/bin/gnu/h-x86_64-mingw32/bin/../lib/gcc/nios2-elf/5.3.0/../../../../../H-x86_64-mingw32/nios2-elf/lib\libc.a(lib_a-fclose.o)
 .text._fclose_r
                0x00000000040047d4       0xf0 c:/intelfpga_lite/18.1/nios2eds/bin/gnu/h-x86_64-mingw32/bin/../lib/gcc/nios2-elf/5.3.0/../../../../../H-x86_64-mingw32/nios2-elf/lib\libc.a(lib_a-fclose.o)
                0x00000000040047d4                _fclose_r
 .text.fclose   0x00000000040048c4       0x14 c:/intelfpga_lite/18.1/nios2eds/bin/gnu/h-x86_64-mingw32/bin/../lib/gcc/nios2-elf/5.3.0/../../../../../H-x86_64-mingw32/nios2-elf/lib\libc.a(lib_a-fclose.o)
                0x00000000040048c4                fclose
 .text          0x00000000040048d8        0x0 c:/intelfpga_lite/18.1/nios2eds/bin/gnu/h-x86_64-mingw32/bin/../lib/gcc/nios2-elf/5.3.0/../../../../../H-x86_64-mingw32/nios2-elf/lib\libc.a(lib_a-fstatr.o)
 .text._fstat_r
                0x00000000040048d8       0x5c c:/intelfpga_lite/18.1/nios2eds/bin/gnu/h-x86_64-mingw32/bin/../lib/gcc/nios2-elf/5.3.0/../../../../../H-x86_64-mingw32/nios2-elf/lib\libc.a(lib_a-fstatr.o)
                0x00000000040048d8                _fstat_r
 .text          0x0000000004004934        0x0 c:/intelfpga_lite/18.1/nios2eds/bin/gnu/h-x86_64-mingw32/bin/../lib/gcc/nios2-elf/5.3.0/../../../../../H-x86_64-mingw32/nios2-elf/lib\libc.a(lib_a-isattyr.o)
 .text._isatty_r
                0x0000000004004934       0x54 c:/intelfpga_lite/18.1/nios2eds/bin/gnu/h-x86_64-mingw32/bin/../lib/gcc/nios2-elf/5.3.0/../../../../../H-x86_64-mingw32/nios2-elf/lib\libc.a(lib_a-isattyr.o)
                0x0000000004004934                _isatty_r
 .text          0x0000000004004988        0x0 c:/intelfpga_lite/18.1/nios2eds/bin/gnu/h-x86_64-mingw32/bin/../lib/gcc/nios2-elf/5.3.0/../../../../../H-x86_64-mingw32/nios2-elf/lib\libc.a(lib_a-lseekr.o)
 .text._lseek_r
                0x0000000004004988       0x60 c:/intelfpga_lite/18.1/nios2eds/bin/gnu/h-x86_64-mingw32/bin/../lib/gcc/nios2-elf/5.3.0/../../../../../H-x86_64-mingw32/nios2-elf/lib\libc.a(lib_a-lseekr.o)
                0x0000000004004988                _lseek_r
 .text          0x00000000040049e8        0x0 c:/intelfpga_lite/18.1/nios2eds/bin/gnu/h-x86_64-mingw32/bin/../lib/gcc/nios2-elf/5.3.0/../../../../../H-x86_64-mingw32/nios2-elf/lib\libc.a(lib_a-readr.o)
 .text._read_r  0x00000000040049e8       0x60 c:/intelfpga_lite/18.1/nios2eds/bin/gnu/h-x86_64-mingw32/bin/../lib/gcc/nios2-elf/5.3.0/../../../../../H-x86_64-mingw32/nios2-elf/lib\libc.a(lib_a-readr.o)
                0x00000000040049e8                _read_r
 .text          0x0000000004004a48       0x14 ../Embed_System_bsp/\libhal_bsp.a(alt_exit.o)
                0x0000000004004a48                _exit
 .text          0x0000000004004a5c       0x78 ../Embed_System_bsp/\libhal_bsp.a(alt_fstat.o)
                0x0000000004004a5c                fstat
 .text          0x0000000004004ad4       0x84 ../Embed_System_bsp/\libhal_bsp.a(alt_isatty.o)
                0x0000000004004ad4                isatty
 .text          0x0000000004004b58       0x7c ../Embed_System_bsp/\libhal_bsp.a(alt_lseek.o)
                0x0000000004004b58                lseek
 .text          0x0000000004004bd4        0x8 ../Embed_System_bsp/\libhal_bsp.a(alt_malloc_lock.o)
                0x0000000004004bd4                __malloc_lock
                0x0000000004004bd8                __malloc_unlock
 .text          0x0000000004004bdc       0xc8 ../Embed_System_bsp/\libhal_bsp.a(alt_read.o)
                0x0000000004004bdc                read
 .text          0x0000000004004ca4       0x4c ../Embed_System_bsp/\libhal_bsp.a(alt_sbrk.o)
                0x0000000004004ca4                sbrk
 .text          0x0000000004004cf0       0xc4 ../Embed_System_bsp/\libhal_bsp.a(alt_write.o)
                0x0000000004004cf0                write
 *(.gnu.warning.*)
 *(.fini)
                [!provide]                        PROVIDE (__etext, ABSOLUTE (.))
                [!provide]                        PROVIDE (_etext, ABSOLUTE (.))
                [!provide]                        PROVIDE (etext, ABSOLUTE (.))
 *(.eh_frame_hdr)
                0x0000000004004db4                . = ALIGN (0x4)
                [!provide]                        PROVIDE (__preinit_array_start, ABSOLUTE (.))
 *(.preinit_array)
                [!provide]                        PROVIDE (__preinit_array_end, ABSOLUTE (.))
                [!provide]                        PROVIDE (__init_array_start, ABSOLUTE (.))
 *(.init_array)
                [!provide]                        PROVIDE (__init_array_end, ABSOLUTE (.))
                [!provide]                        PROVIDE (__fini_array_start, ABSOLUTE (.))
 *(.fini_array)
                [!provide]                        PROVIDE (__fini_array_end, ABSOLUTE (.))
 *(.eh_frame)
 *(.gcc_except_table .gcc_except_table.*)
 *(.dynamic)
                [!provide]                        PROVIDE (__CTOR_LIST__, ABSOLUTE (.))
 *(.ctors)
 *(SORT(.ctors.*))
                [!provide]                        PROVIDE (__CTOR_END__, ABSOLUTE (.))
                [!provide]                        PROVIDE (__DTOR_LIST__, ABSOLUTE (.))
 *(.dtors)
 *(SORT(.dtors.*))
                [!provide]                        PROVIDE (__DTOR_END__, ABSOLUTE (.))
 *(.jcr)
                0x0000000004004db4                . = ALIGN (0x4)

.rodata         0x0000000004004db4      0x2b8
                0x0000000004004db4                PROVIDE (__ram_rodata_start, ABSOLUTE (.))
                0x0000000004004db4                . = ALIGN (0x4)
 *(.rodata .rodata.* .gnu.linkonce.r.*)
 .rodata.str1.4
                0x0000000004004db4      0x15c obj/default/main.o
 .rodata.str1.4
                0x0000000004004f10       0x9c obj/default/src/alarm_util.o
 .rodata.str1.4
                0x0000000004004fac       0x27 obj/default/src/delay_wait.o
 *fill*         0x0000000004004fd3        0x1 
 .rodata.str1.4
                0x0000000004004fd4       0x30 obj/default/src/error_loop.o
 .rodata.str1.4
                0x0000000004005004        0x6 obj/default/src/jtag_uart_util.o
                                          0xa (size before relaxing)
 *fill*         0x000000000400500a        0x2 
 .rodata.str1.4
                0x000000000400500c        0xf ../Embed_System_bsp/\libhal_bsp.a(alt_main.o)
 *fill*         0x000000000400501b        0x1 
 .rodata.str1.4
                0x000000000400501c       0x3d ../Embed_System_bsp/\libhal_bsp.a(alt_sys_init.o)
                                         0x4f (size before relaxing)
 *fill*         0x0000000004005059        0x3 
 .rodata.str1.4
                0x000000000400505c        0xa ../Embed_System_bsp/\libhal_bsp.a(alt_dev.o)
 *fill*         0x0000000004005066        0x2 
 .rodata.str1.4
                0x0000000004005068        0x4 c:/intelfpga_lite/18.1/nios2eds/bin/gnu/h-x86_64-mingw32/bin/../lib/gcc/nios2-elf/5.3.0/../../../../../H-x86_64-mingw32/nios2-elf/lib\libc.a(lib_a-impure.o)
                                          0x2 (size before relaxing)
 *(.rodata1)
                0x000000000400506c                . = ALIGN (0x4)
                0x000000000400506c                PROVIDE (__ram_rodata_end, ABSOLUTE (.))
                0x0000000004004db4                PROVIDE (__flash_rodata_start, LOADADDR (.rodata))

.rwdata         0x000000000400506c      0xb90 load address 0x0000000004005bfc
                0x000000000400506c                PROVIDE (__ram_rwdata_start, ABSOLUTE (.))
                0x000000000400506c                . = ALIGN (0x4)
 *(.got.plt)
 *(.got)
 *(.data1)
 *(.data .data.* .gnu.linkonce.d.*)
 .data          0x000000000400506c        0x0 ../Embed_System_bsp//obj/HAL/src/crt0.o
 .data          0x000000000400506c        0x0 obj/default/main.o
 .data          0x000000000400506c        0x0 obj/default/src/alarm_util.o
 .data          0x000000000400506c        0x0 obj/default/src/delay_wait.o
 .data          0x000000000400506c        0x0 obj/default/src/error_loop.o
 .data          0x000000000400506c        0x0 obj/default/src/jtag_uart_util.o
 .data          0x000000000400506c        0x0 obj/default/src/led_util.o
 .data          0x000000000400506c        0x0 c:/intelfpga_lite/18.1/nios2eds/bin/gnu/h-x86_64-mingw32/bin/../lib/gcc/nios2-elf/5.3.0\libgcc.a(lib2-divmod.o)
 .data          0x000000000400506c        0x0 ../Embed_System_bsp/\libhal_bsp.a(alt_alarm_start.o)
 .data          0x000000000400506c        0x0 ../Embed_System_bsp/\libhal_bsp.a(alt_getchar.o)
 .data          0x000000000400506c        0x0 ../Embed_System_bsp/\libhal_bsp.a(alt_load.o)
 .data          0x000000000400506c        0x0 ../Embed_System_bsp/\libhal_bsp.a(alt_main.o)
 .data          0x000000000400506c        0x0 ../Embed_System_bsp/\libhal_bsp.a(alt_printf.o)
 .data          0x000000000400506c        0x0 ../Embed_System_bsp/\libhal_bsp.a(alt_putchar.o)
 .data          0x000000000400506c        0x0 ../Embed_System_bsp/\libhal_bsp.a(alt_tick.o)
 .data          0x000000000400506c      0x168 ../Embed_System_bsp/\libhal_bsp.a(alt_sys_init.o)
 .data          0x00000000040051d4        0x0 ../Embed_System_bsp/\libhal_bsp.a(altera_avalon_jtag_uart_fd.o)
 .data          0x00000000040051d4        0x0 ../Embed_System_bsp/\libhal_bsp.a(altera_avalon_jtag_uart_read.o)
 .data          0x00000000040051d4        0x0 ../Embed_System_bsp/\libhal_bsp.a(altera_avalon_jtag_uart_write.o)
 .data          0x00000000040051d4        0x0 ../Embed_System_bsp/\libhal_bsp.a(altera_avalon_timer_sc.o)
 .data          0x00000000040051d4        0x0 ../Embed_System_bsp/\libhal_bsp.a(altera_modular_adc.o)
 .data          0x00000000040051d4        0x0 ../Embed_System_bsp/\libhal_bsp.a(altera_onchip_flash.o)
 .data          0x00000000040051d4        0x0 ../Embed_System_bsp/\libhal_bsp.a(alt_busy_sleep.o)
 .data          0x00000000040051d4        0x0 ../Embed_System_bsp/\libhal_bsp.a(alt_close.o)
 .data          0x00000000040051d4        0x0 ../Embed_System_bsp/\libhal_bsp.a(alt_dcache_flush.o)
 .data          0x00000000040051d4        0x0 ../Embed_System_bsp/\libhal_bsp.a(alt_dcache_flush_all.o)
 .data          0x00000000040051d4      0x1a8 ../Embed_System_bsp/\libhal_bsp.a(alt_dev.o)
                0x00000000040051d4                alt_fd_list
                0x0000000004005354                alt_dev_null
 .data          0x000000000400537c        0x0 ../Embed_System_bsp/\libhal_bsp.a(alt_dev_llist_insert.o)
 .data          0x000000000400537c        0x0 ../Embed_System_bsp/\libhal_bsp.a(alt_errno.o)
 .data          0x000000000400537c        0x0 ../Embed_System_bsp/\libhal_bsp.a(alt_find_dev.o)
 .data          0x000000000400537c        0x0 ../Embed_System_bsp/\libhal_bsp.a(alt_flash_dev.o)
 .data          0x000000000400537c        0x0 ../Embed_System_bsp/\libhal_bsp.a(alt_icache_flush_all.o)
 .data          0x000000000400537c        0x0 ../Embed_System_bsp/\libhal_bsp.a(alt_iic.o)
 .data          0x000000000400537c        0x0 ../Embed_System_bsp/\libhal_bsp.a(alt_iic_isr_register.o)
 .data          0x000000000400537c        0x0 ../Embed_System_bsp/\libhal_bsp.a(alt_io_redirect.o)
 .data          0x000000000400537c        0x0 ../Embed_System_bsp/\libhal_bsp.a(alt_irq_entry.o)
 .data          0x000000000400537c        0x0 ../Embed_System_bsp/\libhal_bsp.a(alt_irq_handler.o)
 .data          0x000000000400537c        0x0 ../Embed_System_bsp/\libhal_bsp.a(alt_irq_vars.o)
 .data          0x000000000400537c        0x0 ../Embed_System_bsp/\libhal_bsp.a(alt_open.o)
 .data          0x000000000400537c        0x0 ../Embed_System_bsp/\libhal_bsp.a(alt_release_fd.o)
 .data          0x000000000400537c        0x0 ../Embed_System_bsp/\libhal_bsp.a(altera_nios2_gen2_irq.o)
 .data          0x000000000400537c        0x0 ../Embed_System_bsp/\libhal_bsp.a(alt_exception_entry.o)
 .data          0x000000000400537c        0x0 ../Embed_System_bsp/\libhal_bsp.a(alt_find_file.o)
 .data          0x000000000400537c        0x0 ../Embed_System_bsp/\libhal_bsp.a(alt_get_fd.o)
 .data          0x000000000400537c        0x0 ../Embed_System_bsp/\libhal_bsp.a(alt_icache_flush.o)
 .data          0x000000000400537c        0x0 ../Embed_System_bsp/\libhal_bsp.a(alt_instruction_exception_entry.o)
 .data          0x000000000400537c        0x0 c:/intelfpga_lite/18.1/nios2eds/bin/gnu/h-x86_64-mingw32/bin/../lib/gcc/nios2-elf/5.3.0/../../../../../H-x86_64-mingw32/nios2-elf/lib\libc.a(lib_a-exit.o)
 .data          0x000000000400537c        0x0 c:/intelfpga_lite/18.1/nios2eds/bin/gnu/h-x86_64-mingw32/bin/../lib/gcc/nios2-elf/5.3.0/../../../../../H-x86_64-mingw32/nios2-elf/lib\libc.a(lib_a-getc.o)
 .data          0x000000000400537c        0x0 c:/intelfpga_lite/18.1/nios2eds/bin/gnu/h-x86_64-mingw32/bin/../lib/gcc/nios2-elf/5.3.0/../../../../../H-x86_64-mingw32/nios2-elf/lib\libc.a(lib_a-impure.o)
 .data.impure_data
                0x000000000400537c      0x424 c:/intelfpga_lite/18.1/nios2eds/bin/gnu/h-x86_64-mingw32/bin/../lib/gcc/nios2-elf/5.3.0/../../../../../H-x86_64-mingw32/nios2-elf/lib\libc.a(lib_a-impure.o)
 .data          0x00000000040057a0        0x0 c:/intelfpga_lite/18.1/nios2eds/bin/gnu/h-x86_64-mingw32/bin/../lib/gcc/nios2-elf/5.3.0/../../../../../H-x86_64-mingw32/nios2-elf/lib\libc.a(lib_a-int_errno.o)
 .data          0x00000000040057a0        0x0 c:/intelfpga_lite/18.1/nios2eds/bin/gnu/h-x86_64-mingw32/bin/../lib/gcc/nios2-elf/5.3.0/../../../../../H-x86_64-mingw32/nios2-elf/lib\libc.a(lib_a-memcmp.o)
 .data          0x00000000040057a0        0x0 c:/intelfpga_lite/18.1/nios2eds/bin/gnu/h-x86_64-mingw32/bin/../lib/gcc/nios2-elf/5.3.0/../../../../../H-x86_64-mingw32/nios2-elf/lib\libc.a(lib_a-memcpy.o)
 .data          0x00000000040057a0        0x0 c:/intelfpga_lite/18.1/nios2eds/bin/gnu/h-x86_64-mingw32/bin/../lib/gcc/nios2-elf/5.3.0/../../../../../H-x86_64-mingw32/nios2-elf/lib\libc.a(lib_a-putc.o)
 .data          0x00000000040057a0        0x0 c:/intelfpga_lite/18.1/nios2eds/bin/gnu/h-x86_64-mingw32/bin/../lib/gcc/nios2-elf/5.3.0/../../../../../H-x86_64-mingw32/nios2-elf/lib\libc.a(lib_a-rget.o)
 .data          0x00000000040057a0        0x0 c:/intelfpga_lite/18.1/nios2eds/bin/gnu/h-x86_64-mingw32/bin/../lib/gcc/nios2-elf/5.3.0/../../../../../H-x86_64-mingw32/nios2-elf/lib\libc.a(lib_a-strlen.o)
 .data          0x00000000040057a0        0x0 c:/intelfpga_lite/18.1/nios2eds/bin/gnu/h-x86_64-mingw32/bin/../lib/gcc/nios2-elf/5.3.0/../../../../../H-x86_64-mingw32/nios2-elf/lib\libc.a(lib_a-wbuf.o)
 .data          0x00000000040057a0        0x0 c:/intelfpga_lite/18.1/nios2eds/bin/gnu/h-x86_64-mingw32/bin/../lib/gcc/nios2-elf/5.3.0/../../../../../H-x86_64-mingw32/nios2-elf/lib\libc.a(lib_a-wsetup.o)
 .data          0x00000000040057a0        0x0 c:/intelfpga_lite/18.1/nios2eds/bin/gnu/h-x86_64-mingw32/bin/../lib/gcc/nios2-elf/5.3.0/../../../../../H-x86_64-mingw32/nios2-elf/lib\libc.a(lib_a-__call_atexit.o)
 .data          0x00000000040057a0        0x0 c:/intelfpga_lite/18.1/nios2eds/bin/gnu/h-x86_64-mingw32/bin/../lib/gcc/nios2-elf/5.3.0/../../../../../H-x86_64-mingw32/nios2-elf/lib\libc.a(lib_a-fflush.o)
 .data          0x00000000040057a0        0x0 c:/intelfpga_lite/18.1/nios2eds/bin/gnu/h-x86_64-mingw32/bin/../lib/gcc/nios2-elf/5.3.0/../../../../../H-x86_64-mingw32/nios2-elf/lib\libc.a(lib_a-findfp.o)
 .data          0x00000000040057a0        0x0 c:/intelfpga_lite/18.1/nios2eds/bin/gnu/h-x86_64-mingw32/bin/../lib/gcc/nios2-elf/5.3.0/../../../../../H-x86_64-mingw32/nios2-elf/lib\libc.a(lib_a-freer.o)
 .data          0x00000000040057a0        0x0 c:/intelfpga_lite/18.1/nios2eds/bin/gnu/h-x86_64-mingw32/bin/../lib/gcc/nios2-elf/5.3.0/../../../../../H-x86_64-mingw32/nios2-elf/lib\libc.a(lib_a-fwalk.o)
 .data          0x00000000040057a0        0x0 c:/intelfpga_lite/18.1/nios2eds/bin/gnu/h-x86_64-mingw32/bin/../lib/gcc/nios2-elf/5.3.0/../../../../../H-x86_64-mingw32/nios2-elf/lib\libc.a(lib_a-makebuf.o)
 .data          0x00000000040057a0        0x0 c:/intelfpga_lite/18.1/nios2eds/bin/gnu/h-x86_64-mingw32/bin/../lib/gcc/nios2-elf/5.3.0/../../../../../H-x86_64-mingw32/nios2-elf/lib\libc.a(lib_a-mallocr.o)
 .data.__malloc_av_
                0x00000000040057a0      0x408 c:/intelfpga_lite/18.1/nios2eds/bin/gnu/h-x86_64-mingw32/bin/../lib/gcc/nios2-elf/5.3.0/../../../../../H-x86_64-mingw32/nios2-elf/lib\libc.a(lib_a-mallocr.o)
                0x00000000040057a0                __malloc_av_
 .data          0x0000000004005ba8        0x0 c:/intelfpga_lite/18.1/nios2eds/bin/gnu/h-x86_64-mingw32/bin/../lib/gcc/nios2-elf/5.3.0/../../../../../H-x86_64-mingw32/nios2-elf/lib\libc.a(lib_a-memset.o)
 .data          0x0000000004005ba8        0x0 c:/intelfpga_lite/18.1/nios2eds/bin/gnu/h-x86_64-mingw32/bin/../lib/gcc/nios2-elf/5.3.0/../../../../../H-x86_64-mingw32/nios2-elf/lib\libc.a(lib_a-refill.o)
 .data          0x0000000004005ba8        0x0 c:/intelfpga_lite/18.1/nios2eds/bin/gnu/h-x86_64-mingw32/bin/../lib/gcc/nios2-elf/5.3.0/../../../../../H-x86_64-mingw32/nios2-elf/lib\libc.a(lib_a-sbrkr.o)
 .data          0x0000000004005ba8        0x0 c:/intelfpga_lite/18.1/nios2eds/bin/gnu/h-x86_64-mingw32/bin/../lib/gcc/nios2-elf/5.3.0/../../../../../H-x86_64-mingw32/nios2-elf/lib\libc.a(lib_a-stdio.o)
 .data          0x0000000004005ba8        0x0 c:/intelfpga_lite/18.1/nios2eds/bin/gnu/h-x86_64-mingw32/bin/../lib/gcc/nios2-elf/5.3.0/../../../../../H-x86_64-mingw32/nios2-elf/lib\libc.a(lib_a-writer.o)
 .data          0x0000000004005ba8        0x0 c:/intelfpga_lite/18.1/nios2eds/bin/gnu/h-x86_64-mingw32/bin/../lib/gcc/nios2-elf/5.3.0/../../../../../H-x86_64-mingw32/nios2-elf/lib\libc.a(closer.o)
 .data          0x0000000004005ba8        0x0 c:/intelfpga_lite/18.1/nios2eds/bin/gnu/h-x86_64-mingw32/bin/../lib/gcc/nios2-elf/5.3.0/../../../../../H-x86_64-mingw32/nios2-elf/lib\libc.a(lib_a-fclose.o)
 .data          0x0000000004005ba8        0x0 c:/intelfpga_lite/18.1/nios2eds/bin/gnu/h-x86_64-mingw32/bin/../lib/gcc/nios2-elf/5.3.0/../../../../../H-x86_64-mingw32/nios2-elf/lib\libc.a(lib_a-fstatr.o)
 .data          0x0000000004005ba8        0x0 c:/intelfpga_lite/18.1/nios2eds/bin/gnu/h-x86_64-mingw32/bin/../lib/gcc/nios2-elf/5.3.0/../../../../../H-x86_64-mingw32/nios2-elf/lib\libc.a(lib_a-isattyr.o)
 .data          0x0000000004005ba8        0x0 c:/intelfpga_lite/18.1/nios2eds/bin/gnu/h-x86_64-mingw32/bin/../lib/gcc/nios2-elf/5.3.0/../../../../../H-x86_64-mingw32/nios2-elf/lib\libc.a(lib_a-lseekr.o)
 .data          0x0000000004005ba8        0x0 c:/intelfpga_lite/18.1/nios2eds/bin/gnu/h-x86_64-mingw32/bin/../lib/gcc/nios2-elf/5.3.0/../../../../../H-x86_64-mingw32/nios2-elf/lib\libc.a(lib_a-readr.o)
 .data          0x0000000004005ba8        0x0 ../Embed_System_bsp/\libhal_bsp.a(alt_exit.o)
 .data          0x0000000004005ba8        0x0 ../Embed_System_bsp/\libhal_bsp.a(alt_fstat.o)
 .data          0x0000000004005ba8        0x0 ../Embed_System_bsp/\libhal_bsp.a(alt_isatty.o)
 .data          0x0000000004005ba8        0x0 ../Embed_System_bsp/\libhal_bsp.a(alt_lseek.o)
 .data          0x0000000004005ba8        0x0 ../Embed_System_bsp/\libhal_bsp.a(alt_malloc_lock.o)
 .data          0x0000000004005ba8        0x0 ../Embed_System_bsp/\libhal_bsp.a(alt_read.o)
 .data          0x0000000004005ba8        0x0 ../Embed_System_bsp/\libhal_bsp.a(alt_sbrk.o)
 .data          0x0000000004005ba8        0x0 ../Embed_System_bsp/\libhal_bsp.a(alt_write.o)
                0x000000000400dba8                _gp = ABSOLUTE ((. + 0x8000))
                [!provide]                        PROVIDE (gp, _gp)
 *(.rwdata .rwdata.*)
 *(.sdata .sdata.* .gnu.linkonce.s.*)
 .sdata         0x0000000004005ba8        0x1 obj/default/src/delay_wait.o
                0x0000000004005ba8                DELAY_MODE
 *fill*         0x0000000004005ba9        0x3 
 .sdata         0x0000000004005bac        0x8 ../Embed_System_bsp/\libhal_bsp.a(alt_tick.o)
                0x0000000004005bac                alt_alarm_list
 .sdata         0x0000000004005bb4        0x8 ../Embed_System_bsp/\libhal_bsp.a(altera_modular_adc.o)
                0x0000000004005bb4                altera_modular_adc_list
 .sdata         0x0000000004005bbc        0x8 ../Embed_System_bsp/\libhal_bsp.a(altera_onchip_flash.o)
                0x0000000004005bbc                altera_onchip_flash_list
 .sdata         0x0000000004005bc4       0x14 ../Embed_System_bsp/\libhal_bsp.a(alt_dev.o)
                0x0000000004005bc4                alt_max_fd
                0x0000000004005bc8                alt_dev_list
                0x0000000004005bd0                alt_fs_list
 .sdata         0x0000000004005bd8        0x4 ../Embed_System_bsp/\libhal_bsp.a(alt_errno.o)
                0x0000000004005bd8                alt_errno
 .sdata         0x0000000004005bdc        0x8 ../Embed_System_bsp/\libhal_bsp.a(alt_flash_dev.o)
                0x0000000004005bdc                alt_flash_dev_list
 .sdata         0x0000000004005be4        0x4 ../Embed_System_bsp/\libhal_bsp.a(alt_irq_vars.o)
                0x0000000004005be4                alt_priority_mask
 .sdata._global_impure_ptr
                0x0000000004005be8        0x4 c:/intelfpga_lite/18.1/nios2eds/bin/gnu/h-x86_64-mingw32/bin/../lib/gcc/nios2-elf/5.3.0/../../../../../H-x86_64-mingw32/nios2-elf/lib\libc.a(lib_a-impure.o)
                0x0000000004005be8                _global_impure_ptr
 .sdata._impure_ptr
                0x0000000004005bec        0x4 c:/intelfpga_lite/18.1/nios2eds/bin/gnu/h-x86_64-mingw32/bin/../lib/gcc/nios2-elf/5.3.0/../../../../../H-x86_64-mingw32/nios2-elf/lib\libc.a(lib_a-impure.o)
                0x0000000004005bec                _impure_ptr
 .sdata.__malloc_sbrk_base
                0x0000000004005bf0        0x4 c:/intelfpga_lite/18.1/nios2eds/bin/gnu/h-x86_64-mingw32/bin/../lib/gcc/nios2-elf/5.3.0/../../../../../H-x86_64-mingw32/nios2-elf/lib\libc.a(lib_a-mallocr.o)
                0x0000000004005bf0                __malloc_sbrk_base
 .sdata.__malloc_trim_threshold
                0x0000000004005bf4        0x4 c:/intelfpga_lite/18.1/nios2eds/bin/gnu/h-x86_64-mingw32/bin/../lib/gcc/nios2-elf/5.3.0/../../../../../H-x86_64-mingw32/nios2-elf/lib\libc.a(lib_a-mallocr.o)
                0x0000000004005bf4                __malloc_trim_threshold
 .sdata         0x0000000004005bf8        0x4 ../Embed_System_bsp/\libhal_bsp.a(alt_sbrk.o)
 *(.sdata2 .sdata2.* .gnu.linkonce.s2.*)
                0x0000000004005bfc                . = ALIGN (0x4)
                0x0000000004005bfc                _edata = ABSOLUTE (.)
                [!provide]                        PROVIDE (edata, ABSOLUTE (.))
                0x0000000004005bfc                PROVIDE (__ram_rwdata_end, ABSOLUTE (.))
                0x0000000004005bfc                PROVIDE (__flash_rwdata_start, LOADADDR (.rwdata))

.bss            0x000000000400678c      0x1e4
                0x000000000400678c                __bss_start = ABSOLUTE (.)
                [!provide]                        PROVIDE (__sbss_start, ABSOLUTE (.))
                [!provide]                        PROVIDE (___sbss_start, ABSOLUTE (.))
 *(.dynsbss)
 *(.sbss .sbss.* .gnu.linkonce.sb.*)
 .sbss          0x000000000400678c       0x20 obj/default/src/alarm_util.o
                0x000000000400678c                ALARM_250MS_CONTEXT
                0x0000000004006794                ALARM_100MS_CONTEXT
                0x000000000400679c                ALARM_10MS_CONTEXT
                0x00000000040067a4                ALARM_1MS_CONTEXT
 .sbss          0x00000000040067ac        0x4 obj/default/src/delay_wait.o
                0x00000000040067ac                LAST_DELAY
 .sbss          0x00000000040067b0        0x8 obj/default/src/jtag_uart_util.o
                0x00000000040067b0                PRINT_STDIO_MASK
                0x00000000040067b4                PRINT_STDIO_WRAP_COUNT
 .sbss          0x00000000040067b8        0x2 obj/default/src/led_util.o
                0x00000000040067b8                LED_MASK
                0x00000000040067b9                LED_STATE
 *fill*         0x00000000040067ba        0x2 
 .sbss          0x00000000040067bc        0xc ../Embed_System_bsp/\libhal_bsp.a(alt_main.o)
                0x00000000040067bc                alt_envp
                0x00000000040067c0                alt_argv
                0x00000000040067c4                alt_argc
 .sbss          0x00000000040067c8        0x8 ../Embed_System_bsp/\libhal_bsp.a(alt_tick.o)
                0x00000000040067c8                _alt_nticks
                0x00000000040067cc                _alt_tick_rate
 .sbss          0x00000000040067d0        0x4 ../Embed_System_bsp/\libhal_bsp.a(alt_irq_vars.o)
                0x00000000040067d0                alt_irq_active
 .sbss          0x00000000040067d4        0x4 ../Embed_System_bsp/\libhal_bsp.a(alt_instruction_exception_entry.o)
                0x00000000040067d4                alt_instruction_exception_handler
 .sbss          0x00000000040067d8        0x4 c:/intelfpga_lite/18.1/nios2eds/bin/gnu/h-x86_64-mingw32/bin/../lib/gcc/nios2-elf/5.3.0/../../../../../H-x86_64-mingw32/nios2-elf/lib\libc.a(lib_a-int_errno.o)
                0x00000000040067d8                errno
 .sbss.__malloc_max_total_mem
                0x00000000040067dc        0x4 c:/intelfpga_lite/18.1/nios2eds/bin/gnu/h-x86_64-mingw32/bin/../lib/gcc/nios2-elf/5.3.0/../../../../../H-x86_64-mingw32/nios2-elf/lib\libc.a(lib_a-mallocr.o)
                0x00000000040067dc                __malloc_max_total_mem
 .sbss.__malloc_max_sbrked_mem
                0x00000000040067e0        0x4 c:/intelfpga_lite/18.1/nios2eds/bin/gnu/h-x86_64-mingw32/bin/../lib/gcc/nios2-elf/5.3.0/../../../../../H-x86_64-mingw32/nios2-elf/lib\libc.a(lib_a-mallocr.o)
                0x00000000040067e0                __malloc_max_sbrked_mem
 .sbss.__malloc_top_pad
                0x00000000040067e4        0x4 c:/intelfpga_lite/18.1/nios2eds/bin/gnu/h-x86_64-mingw32/bin/../lib/gcc/nios2-elf/5.3.0/../../../../../H-x86_64-mingw32/nios2-elf/lib\libc.a(lib_a-mallocr.o)
                0x00000000040067e4                __malloc_top_pad
 *(.sbss2 .sbss2.* .gnu.linkonce.sb2.*)
 *(.scommon)
                [!provide]                        PROVIDE (__sbss_end, ABSOLUTE (.))
                [!provide]                        PROVIDE (___sbss_end, ABSOLUTE (.))
 *(.dynbss)
 *(.bss .bss.* .gnu.linkonce.b.*)
 .bss           0x00000000040067e8        0x0 ../Embed_System_bsp//obj/HAL/src/crt0.o
 .bss           0x00000000040067e8        0x0 obj/default/main.o
 .bss           0x00000000040067e8        0x0 obj/default/src/alarm_util.o
 .bss           0x00000000040067e8        0x0 obj/default/src/delay_wait.o
 .bss           0x00000000040067e8        0x0 obj/default/src/error_loop.o
 .bss           0x00000000040067e8        0x0 obj/default/src/jtag_uart_util.o
 .bss           0x00000000040067e8        0x0 obj/default/src/led_util.o
 .bss           0x00000000040067e8        0x0 c:/intelfpga_lite/18.1/nios2eds/bin/gnu/h-x86_64-mingw32/bin/../lib/gcc/nios2-elf/5.3.0\libgcc.a(lib2-divmod.o)
 .bss           0x00000000040067e8        0x0 ../Embed_System_bsp/\libhal_bsp.a(alt_alarm_start.o)
 .bss           0x00000000040067e8        0x0 ../Embed_System_bsp/\libhal_bsp.a(alt_getchar.o)
 .bss           0x00000000040067e8        0x0 ../Embed_System_bsp/\libhal_bsp.a(alt_load.o)
 .bss           0x00000000040067e8        0x0 ../Embed_System_bsp/\libhal_bsp.a(alt_main.o)
 .bss           0x00000000040067e8        0x0 ../Embed_System_bsp/\libhal_bsp.a(alt_printf.o)
 .bss           0x00000000040067e8        0x0 ../Embed_System_bsp/\libhal_bsp.a(alt_putchar.o)
 .bss           0x00000000040067e8        0x0 ../Embed_System_bsp/\libhal_bsp.a(alt_tick.o)
 .bss           0x00000000040067e8        0x0 ../Embed_System_bsp/\libhal_bsp.a(alt_sys_init.o)
 .bss           0x00000000040067e8        0x0 ../Embed_System_bsp/\libhal_bsp.a(altera_avalon_jtag_uart_fd.o)
 .bss           0x00000000040067e8        0x0 ../Embed_System_bsp/\libhal_bsp.a(altera_avalon_jtag_uart_read.o)
 .bss           0x00000000040067e8        0x0 ../Embed_System_bsp/\libhal_bsp.a(altera_avalon_jtag_uart_write.o)
 .bss           0x00000000040067e8        0x0 ../Embed_System_bsp/\libhal_bsp.a(altera_avalon_timer_sc.o)
 .bss           0x00000000040067e8        0x0 ../Embed_System_bsp/\libhal_bsp.a(altera_modular_adc.o)
 .bss           0x00000000040067e8        0x0 ../Embed_System_bsp/\libhal_bsp.a(altera_onchip_flash.o)
 .bss           0x00000000040067e8        0x0 ../Embed_System_bsp/\libhal_bsp.a(alt_busy_sleep.o)
 .bss           0x00000000040067e8        0x0 ../Embed_System_bsp/\libhal_bsp.a(alt_close.o)
 .bss           0x00000000040067e8        0x0 ../Embed_System_bsp/\libhal_bsp.a(alt_dcache_flush.o)
 .bss           0x00000000040067e8        0x0 ../Embed_System_bsp/\libhal_bsp.a(alt_dcache_flush_all.o)
 .bss           0x00000000040067e8        0x0 ../Embed_System_bsp/\libhal_bsp.a(alt_dev.o)
 .bss           0x00000000040067e8        0x0 ../Embed_System_bsp/\libhal_bsp.a(alt_dev_llist_insert.o)
 .bss           0x00000000040067e8        0x0 ../Embed_System_bsp/\libhal_bsp.a(alt_errno.o)
 .bss           0x00000000040067e8        0x0 ../Embed_System_bsp/\libhal_bsp.a(alt_find_dev.o)
 .bss           0x00000000040067e8        0x0 ../Embed_System_bsp/\libhal_bsp.a(alt_flash_dev.o)
 .bss           0x00000000040067e8        0x0 ../Embed_System_bsp/\libhal_bsp.a(alt_icache_flush_all.o)
 .bss           0x00000000040067e8        0x0 ../Embed_System_bsp/\libhal_bsp.a(alt_iic.o)
 .bss           0x00000000040067e8        0x0 ../Embed_System_bsp/\libhal_bsp.a(alt_iic_isr_register.o)
 .bss           0x00000000040067e8        0x0 ../Embed_System_bsp/\libhal_bsp.a(alt_io_redirect.o)
 .bss           0x00000000040067e8        0x0 ../Embed_System_bsp/\libhal_bsp.a(alt_irq_entry.o)
 .bss           0x00000000040067e8        0x0 ../Embed_System_bsp/\libhal_bsp.a(alt_irq_handler.o)
 .bss           0x00000000040067e8        0x0 ../Embed_System_bsp/\libhal_bsp.a(alt_irq_vars.o)
 .bss           0x00000000040067e8        0x0 ../Embed_System_bsp/\libhal_bsp.a(alt_open.o)
 .bss           0x00000000040067e8        0x0 ../Embed_System_bsp/\libhal_bsp.a(alt_release_fd.o)
 .bss           0x00000000040067e8        0x0 ../Embed_System_bsp/\libhal_bsp.a(altera_nios2_gen2_irq.o)
 .bss           0x00000000040067e8        0x0 ../Embed_System_bsp/\libhal_bsp.a(alt_exception_entry.o)
 .bss           0x00000000040067e8        0x0 ../Embed_System_bsp/\libhal_bsp.a(alt_find_file.o)
 .bss           0x00000000040067e8        0x0 ../Embed_System_bsp/\libhal_bsp.a(alt_get_fd.o)
 .bss           0x00000000040067e8        0x0 ../Embed_System_bsp/\libhal_bsp.a(alt_icache_flush.o)
 .bss           0x00000000040067e8        0x0 ../Embed_System_bsp/\libhal_bsp.a(alt_instruction_exception_entry.o)
 .bss           0x00000000040067e8        0x0 c:/intelfpga_lite/18.1/nios2eds/bin/gnu/h-x86_64-mingw32/bin/../lib/gcc/nios2-elf/5.3.0/../../../../../H-x86_64-mingw32/nios2-elf/lib\libc.a(lib_a-exit.o)
 .bss           0x00000000040067e8        0x0 c:/intelfpga_lite/18.1/nios2eds/bin/gnu/h-x86_64-mingw32/bin/../lib/gcc/nios2-elf/5.3.0/../../../../../H-x86_64-mingw32/nios2-elf/lib\libc.a(lib_a-getc.o)
 .bss           0x00000000040067e8        0x0 c:/intelfpga_lite/18.1/nios2eds/bin/gnu/h-x86_64-mingw32/bin/../lib/gcc/nios2-elf/5.3.0/../../../../../H-x86_64-mingw32/nios2-elf/lib\libc.a(lib_a-impure.o)
 .bss           0x00000000040067e8        0x0 c:/intelfpga_lite/18.1/nios2eds/bin/gnu/h-x86_64-mingw32/bin/../lib/gcc/nios2-elf/5.3.0/../../../../../H-x86_64-mingw32/nios2-elf/lib\libc.a(lib_a-int_errno.o)
 .bss           0x00000000040067e8        0x0 c:/intelfpga_lite/18.1/nios2eds/bin/gnu/h-x86_64-mingw32/bin/../lib/gcc/nios2-elf/5.3.0/../../../../../H-x86_64-mingw32/nios2-elf/lib\libc.a(lib_a-memcmp.o)
 .bss           0x00000000040067e8        0x0 c:/intelfpga_lite/18.1/nios2eds/bin/gnu/h-x86_64-mingw32/bin/../lib/gcc/nios2-elf/5.3.0/../../../../../H-x86_64-mingw32/nios2-elf/lib\libc.a(lib_a-memcpy.o)
 .bss           0x00000000040067e8        0x0 c:/intelfpga_lite/18.1/nios2eds/bin/gnu/h-x86_64-mingw32/bin/../lib/gcc/nios2-elf/5.3.0/../../../../../H-x86_64-mingw32/nios2-elf/lib\libc.a(lib_a-putc.o)
 .bss           0x00000000040067e8        0x0 c:/intelfpga_lite/18.1/nios2eds/bin/gnu/h-x86_64-mingw32/bin/../lib/gcc/nios2-elf/5.3.0/../../../../../H-x86_64-mingw32/nios2-elf/lib\libc.a(lib_a-rget.o)
 .bss           0x00000000040067e8        0x0 c:/intelfpga_lite/18.1/nios2eds/bin/gnu/h-x86_64-mingw32/bin/../lib/gcc/nios2-elf/5.3.0/../../../../../H-x86_64-mingw32/nios2-elf/lib\libc.a(lib_a-strlen.o)
 .bss           0x00000000040067e8        0x0 c:/intelfpga_lite/18.1/nios2eds/bin/gnu/h-x86_64-mingw32/bin/../lib/gcc/nios2-elf/5.3.0/../../../../../H-x86_64-mingw32/nios2-elf/lib\libc.a(lib_a-wbuf.o)
 .bss           0x00000000040067e8        0x0 c:/intelfpga_lite/18.1/nios2eds/bin/gnu/h-x86_64-mingw32/bin/../lib/gcc/nios2-elf/5.3.0/../../../../../H-x86_64-mingw32/nios2-elf/lib\libc.a(lib_a-wsetup.o)
 .bss           0x00000000040067e8        0x0 c:/intelfpga_lite/18.1/nios2eds/bin/gnu/h-x86_64-mingw32/bin/../lib/gcc/nios2-elf/5.3.0/../../../../../H-x86_64-mingw32/nios2-elf/lib\libc.a(lib_a-__call_atexit.o)
 .bss           0x00000000040067e8        0x0 c:/intelfpga_lite/18.1/nios2eds/bin/gnu/h-x86_64-mingw32/bin/../lib/gcc/nios2-elf/5.3.0/../../../../../H-x86_64-mingw32/nios2-elf/lib\libc.a(lib_a-fflush.o)
 .bss           0x00000000040067e8        0x0 c:/intelfpga_lite/18.1/nios2eds/bin/gnu/h-x86_64-mingw32/bin/../lib/gcc/nios2-elf/5.3.0/../../../../../H-x86_64-mingw32/nios2-elf/lib\libc.a(lib_a-findfp.o)
 .bss           0x00000000040067e8        0x0 c:/intelfpga_lite/18.1/nios2eds/bin/gnu/h-x86_64-mingw32/bin/../lib/gcc/nios2-elf/5.3.0/../../../../../H-x86_64-mingw32/nios2-elf/lib\libc.a(lib_a-freer.o)
 .bss           0x00000000040067e8        0x0 c:/intelfpga_lite/18.1/nios2eds/bin/gnu/h-x86_64-mingw32/bin/../lib/gcc/nios2-elf/5.3.0/../../../../../H-x86_64-mingw32/nios2-elf/lib\libc.a(lib_a-fwalk.o)
 .bss           0x00000000040067e8        0x0 c:/intelfpga_lite/18.1/nios2eds/bin/gnu/h-x86_64-mingw32/bin/../lib/gcc/nios2-elf/5.3.0/../../../../../H-x86_64-mingw32/nios2-elf/lib\libc.a(lib_a-makebuf.o)
 .bss           0x00000000040067e8        0x0 c:/intelfpga_lite/18.1/nios2eds/bin/gnu/h-x86_64-mingw32/bin/../lib/gcc/nios2-elf/5.3.0/../../../../../H-x86_64-mingw32/nios2-elf/lib\libc.a(lib_a-mallocr.o)
 .bss.__malloc_current_mallinfo
                0x00000000040067e8       0x28 c:/intelfpga_lite/18.1/nios2eds/bin/gnu/h-x86_64-mingw32/bin/../lib/gcc/nios2-elf/5.3.0/../../../../../H-x86_64-mingw32/nios2-elf/lib\libc.a(lib_a-mallocr.o)
                0x00000000040067e8                __malloc_current_mallinfo
 .bss           0x0000000004006810        0x0 c:/intelfpga_lite/18.1/nios2eds/bin/gnu/h-x86_64-mingw32/bin/../lib/gcc/nios2-elf/5.3.0/../../../../../H-x86_64-mingw32/nios2-elf/lib\libc.a(lib_a-memset.o)
 .bss           0x0000000004006810        0x0 c:/intelfpga_lite/18.1/nios2eds/bin/gnu/h-x86_64-mingw32/bin/../lib/gcc/nios2-elf/5.3.0/../../../../../H-x86_64-mingw32/nios2-elf/lib\libc.a(lib_a-refill.o)
 .bss           0x0000000004006810        0x0 c:/intelfpga_lite/18.1/nios2eds/bin/gnu/h-x86_64-mingw32/bin/../lib/gcc/nios2-elf/5.3.0/../../../../../H-x86_64-mingw32/nios2-elf/lib\libc.a(lib_a-sbrkr.o)
 .bss           0x0000000004006810        0x0 c:/intelfpga_lite/18.1/nios2eds/bin/gnu/h-x86_64-mingw32/bin/../lib/gcc/nios2-elf/5.3.0/../../../../../H-x86_64-mingw32/nios2-elf/lib\libc.a(lib_a-stdio.o)
 .bss           0x0000000004006810        0x0 c:/intelfpga_lite/18.1/nios2eds/bin/gnu/h-x86_64-mingw32/bin/../lib/gcc/nios2-elf/5.3.0/../../../../../H-x86_64-mingw32/nios2-elf/lib\libc.a(lib_a-writer.o)
 .bss           0x0000000004006810        0x0 c:/intelfpga_lite/18.1/nios2eds/bin/gnu/h-x86_64-mingw32/bin/../lib/gcc/nios2-elf/5.3.0/../../../../../H-x86_64-mingw32/nios2-elf/lib\libc.a(closer.o)
 .bss           0x0000000004006810        0x0 c:/intelfpga_lite/18.1/nios2eds/bin/gnu/h-x86_64-mingw32/bin/../lib/gcc/nios2-elf/5.3.0/../../../../../H-x86_64-mingw32/nios2-elf/lib\libc.a(lib_a-fclose.o)
 .bss           0x0000000004006810        0x0 c:/intelfpga_lite/18.1/nios2eds/bin/gnu/h-x86_64-mingw32/bin/../lib/gcc/nios2-elf/5.3.0/../../../../../H-x86_64-mingw32/nios2-elf/lib\libc.a(lib_a-fstatr.o)
 .bss           0x0000000004006810        0x0 c:/intelfpga_lite/18.1/nios2eds/bin/gnu/h-x86_64-mingw32/bin/../lib/gcc/nios2-elf/5.3.0/../../../../../H-x86_64-mingw32/nios2-elf/lib\libc.a(lib_a-isattyr.o)
 .bss           0x0000000004006810        0x0 c:/intelfpga_lite/18.1/nios2eds/bin/gnu/h-x86_64-mingw32/bin/../lib/gcc/nios2-elf/5.3.0/../../../../../H-x86_64-mingw32/nios2-elf/lib\libc.a(lib_a-lseekr.o)
 .bss           0x0000000004006810        0x0 c:/intelfpga_lite/18.1/nios2eds/bin/gnu/h-x86_64-mingw32/bin/../lib/gcc/nios2-elf/5.3.0/../../../../../H-x86_64-mingw32/nios2-elf/lib\libc.a(lib_a-readr.o)
 .bss           0x0000000004006810        0x0 ../Embed_System_bsp/\libhal_bsp.a(alt_exit.o)
 .bss           0x0000000004006810        0x0 ../Embed_System_bsp/\libhal_bsp.a(alt_fstat.o)
 .bss           0x0000000004006810        0x0 ../Embed_System_bsp/\libhal_bsp.a(alt_isatty.o)
 .bss           0x0000000004006810        0x0 ../Embed_System_bsp/\libhal_bsp.a(alt_lseek.o)
 .bss           0x0000000004006810        0x0 ../Embed_System_bsp/\libhal_bsp.a(alt_malloc_lock.o)
 .bss           0x0000000004006810        0x0 ../Embed_System_bsp/\libhal_bsp.a(alt_read.o)
 .bss           0x0000000004006810        0x0 ../Embed_System_bsp/\libhal_bsp.a(alt_sbrk.o)
 .bss           0x0000000004006810        0x0 ../Embed_System_bsp/\libhal_bsp.a(alt_write.o)
 *(COMMON)
 COMMON         0x0000000004006810       0x60 obj/default/src/alarm_util.o
                0x0000000004006810                ALARM_100MS
                0x0000000004006828                ALARM_1MS
                0x0000000004006840                ALARM_250MS
                0x0000000004006858                ALARM_10MS
 COMMON         0x0000000004006870      0x100 ../Embed_System_bsp/\libhal_bsp.a(alt_irq_handler.o)
                0x0000000004006870                alt_irq
                0x0000000004006970                . = ALIGN (0x4)
                0x0000000004006970                __bss_end = ABSOLUTE (.)

.sdram          0x0000000004006970        0x0
                [!provide]                        PROVIDE (_alt_partition_sdram_start, ABSOLUTE (.))
 *(.sdram .sdram. sdram.*)
                0x0000000004006970                . = ALIGN (0x4)
                [!provide]                        PROVIDE (_alt_partition_sdram_end, ABSOLUTE (.))
                0x0000000004006970                _end = ABSOLUTE (.)
                0x0000000004006970                end = ABSOLUTE (.)
                [!provide]                        PROVIDE (_alt_partition_sdram_load_addr, LOADADDR (.sdram))

.onchip_flash_0_data
                0x0000000009200000        0x0 load address 0x0000000004006970
                [!provide]                        PROVIDE (_alt_partition_onchip_flash_0_data_start, ABSOLUTE (.))
 *(.onchip_flash_0_data .onchip_flash_0_data. onchip_flash_0_data.*)
                0x0000000009200000                . = ALIGN (0x4)
                [!provide]                        PROVIDE (_alt_partition_onchip_flash_0_data_end, ABSOLUTE (.))
                [!provide]                        PROVIDE (_alt_partition_onchip_flash_0_data_load_addr, LOADADDR (.onchip_flash_0_data))

.onchip_ram     0x000000000940418c        0x0 load address 0x0000000004006970
                [!provide]                        PROVIDE (_alt_partition_onchip_ram_start, ABSOLUTE (.))
 *(.onchip_ram .onchip_ram. onchip_ram.*)
                0x000000000940418c                . = ALIGN (0x4)
                [!provide]                        PROVIDE (_alt_partition_onchip_ram_end, ABSOLUTE (.))
                0x000000000940418c                __alt_stack_base = ABSOLUTE (.)
                [!provide]                        PROVIDE (_alt_partition_onchip_ram_load_addr, LOADADDR (.onchip_ram))

.stab
 *(.stab)

.stabstr
 *(.stabstr)

.stab.excl
 *(.stab.excl)

.stab.exclstr
 *(.stab.exclstr)

.stab.index
 *(.stab.index)

.stab.indexstr
 *(.stab.indexstr)

.comment        0x0000000000000000       0x23
 *(.comment)
 .comment       0x0000000000000000       0x23 obj/default/main.o
                                         0x24 (size before relaxing)
 .comment       0x0000000000000023       0x24 obj/default/src/alarm_util.o
 .comment       0x0000000000000023       0x24 obj/default/src/delay_wait.o
 .comment       0x0000000000000023       0x24 obj/default/src/error_loop.o
 .comment       0x0000000000000023       0x24 obj/default/src/jtag_uart_util.o
 .comment       0x0000000000000023       0x24 obj/default/src/led_util.o
 .comment       0x0000000000000023       0x24 c:/intelfpga_lite/18.1/nios2eds/bin/gnu/h-x86_64-mingw32/bin/../lib/gcc/nios2-elf/5.3.0\libgcc.a(lib2-divmod.o)
 .comment       0x0000000000000023       0x24 ../Embed_System_bsp/\libhal_bsp.a(alt_alarm_start.o)
 .comment       0x0000000000000023       0x24 ../Embed_System_bsp/\libhal_bsp.a(alt_getchar.o)
 .comment       0x0000000000000023       0x24 ../Embed_System_bsp/\libhal_bsp.a(alt_load.o)
 .comment       0x0000000000000023       0x24 ../Embed_System_bsp/\libhal_bsp.a(alt_main.o)
 .comment       0x0000000000000023       0x24 ../Embed_System_bsp/\libhal_bsp.a(alt_printf.o)
 .comment       0x0000000000000023       0x24 ../Embed_System_bsp/\libhal_bsp.a(alt_putchar.o)
 .comment       0x0000000000000023       0x24 ../Embed_System_bsp/\libhal_bsp.a(alt_tick.o)
 .comment       0x0000000000000023       0x24 ../Embed_System_bsp/\libhal_bsp.a(alt_sys_init.o)
 .comment       0x0000000000000023       0x24 ../Embed_System_bsp/\libhal_bsp.a(altera_avalon_jtag_uart_fd.o)
 .comment       0x0000000000000023       0x24 ../Embed_System_bsp/\libhal_bsp.a(altera_avalon_jtag_uart_read.o)
 .comment       0x0000000000000023       0x24 ../Embed_System_bsp/\libhal_bsp.a(altera_avalon_jtag_uart_write.o)
 .comment       0x0000000000000023       0x24 ../Embed_System_bsp/\libhal_bsp.a(altera_avalon_timer_sc.o)
 .comment       0x0000000000000023       0x24 ../Embed_System_bsp/\libhal_bsp.a(altera_modular_adc.o)
 .comment       0x0000000000000023       0x24 ../Embed_System_bsp/\libhal_bsp.a(altera_onchip_flash.o)
 .comment       0x0000000000000023       0x24 ../Embed_System_bsp/\libhal_bsp.a(alt_busy_sleep.o)
 .comment       0x0000000000000023       0x24 ../Embed_System_bsp/\libhal_bsp.a(alt_close.o)
 .comment       0x0000000000000023       0x24 ../Embed_System_bsp/\libhal_bsp.a(alt_dcache_flush.o)
 .comment       0x0000000000000023       0x24 ../Embed_System_bsp/\libhal_bsp.a(alt_dcache_flush_all.o)
 .comment       0x0000000000000023       0x24 ../Embed_System_bsp/\libhal_bsp.a(alt_dev.o)
 .comment       0x0000000000000023       0x24 ../Embed_System_bsp/\libhal_bsp.a(alt_dev_llist_insert.o)
 .comment       0x0000000000000023       0x24 ../Embed_System_bsp/\libhal_bsp.a(alt_errno.o)
 .comment       0x0000000000000023       0x24 ../Embed_System_bsp/\libhal_bsp.a(alt_find_dev.o)
 .comment       0x0000000000000023       0x24 ../Embed_System_bsp/\libhal_bsp.a(alt_flash_dev.o)
 .comment       0x0000000000000023       0x24 ../Embed_System_bsp/\libhal_bsp.a(alt_icache_flush_all.o)
 .comment       0x0000000000000023       0x24 ../Embed_System_bsp/\libhal_bsp.a(alt_iic.o)
 .comment       0x0000000000000023       0x24 ../Embed_System_bsp/\libhal_bsp.a(alt_iic_isr_register.o)
 .comment       0x0000000000000023       0x24 ../Embed_System_bsp/\libhal_bsp.a(alt_io_redirect.o)
 .comment       0x0000000000000023       0x24 ../Embed_System_bsp/\libhal_bsp.a(alt_irq_handler.o)
 .comment       0x0000000000000023       0x24 ../Embed_System_bsp/\libhal_bsp.a(alt_irq_vars.o)
 .comment       0x0000000000000023       0x24 ../Embed_System_bsp/\libhal_bsp.a(alt_open.o)
 .comment       0x0000000000000023       0x24 ../Embed_System_bsp/\libhal_bsp.a(alt_release_fd.o)
 .comment       0x0000000000000023       0x24 ../Embed_System_bsp/\libhal_bsp.a(altera_nios2_gen2_irq.o)
 .comment       0x0000000000000023       0x24 ../Embed_System_bsp/\libhal_bsp.a(alt_find_file.o)
 .comment       0x0000000000000023       0x24 ../Embed_System_bsp/\libhal_bsp.a(alt_get_fd.o)
 .comment       0x0000000000000023       0x24 ../Embed_System_bsp/\libhal_bsp.a(alt_icache_flush.o)
 .comment       0x0000000000000023       0x24 ../Embed_System_bsp/\libhal_bsp.a(alt_instruction_exception_entry.o)
 .comment       0x0000000000000023       0x24 c:/intelfpga_lite/18.1/nios2eds/bin/gnu/h-x86_64-mingw32/bin/../lib/gcc/nios2-elf/5.3.0/../../../../../H-x86_64-mingw32/nios2-elf/lib\libc.a(lib_a-exit.o)
 .comment       0x0000000000000023       0x24 c:/intelfpga_lite/18.1/nios2eds/bin/gnu/h-x86_64-mingw32/bin/../lib/gcc/nios2-elf/5.3.0/../../../../../H-x86_64-mingw32/nios2-elf/lib\libc.a(lib_a-getc.o)
 .comment       0x0000000000000023       0x24 c:/intelfpga_lite/18.1/nios2eds/bin/gnu/h-x86_64-mingw32/bin/../lib/gcc/nios2-elf/5.3.0/../../../../../H-x86_64-mingw32/nios2-elf/lib\libc.a(lib_a-impure.o)
 .comment       0x0000000000000023       0x24 c:/intelfpga_lite/18.1/nios2eds/bin/gnu/h-x86_64-mingw32/bin/../lib/gcc/nios2-elf/5.3.0/../../../../../H-x86_64-mingw32/nios2-elf/lib\libc.a(lib_a-int_errno.o)
 .comment       0x0000000000000023       0x24 c:/intelfpga_lite/18.1/nios2eds/bin/gnu/h-x86_64-mingw32/bin/../lib/gcc/nios2-elf/5.3.0/../../../../../H-x86_64-mingw32/nios2-elf/lib\libc.a(lib_a-memcmp.o)
 .comment       0x0000000000000023       0x24 c:/intelfpga_lite/18.1/nios2eds/bin/gnu/h-x86_64-mingw32/bin/../lib/gcc/nios2-elf/5.3.0/../../../../../H-x86_64-mingw32/nios2-elf/lib\libc.a(lib_a-memcpy.o)
 .comment       0x0000000000000023       0x24 c:/intelfpga_lite/18.1/nios2eds/bin/gnu/h-x86_64-mingw32/bin/../lib/gcc/nios2-elf/5.3.0/../../../../../H-x86_64-mingw32/nios2-elf/lib\libc.a(lib_a-putc.o)
 .comment       0x0000000000000023       0x24 c:/intelfpga_lite/18.1/nios2eds/bin/gnu/h-x86_64-mingw32/bin/../lib/gcc/nios2-elf/5.3.0/../../../../../H-x86_64-mingw32/nios2-elf/lib\libc.a(lib_a-rget.o)
 .comment       0x0000000000000023       0x24 c:/intelfpga_lite/18.1/nios2eds/bin/gnu/h-x86_64-mingw32/bin/../lib/gcc/nios2-elf/5.3.0/../../../../../H-x86_64-mingw32/nios2-elf/lib\libc.a(lib_a-strlen.o)
 .comment       0x0000000000000023       0x24 c:/intelfpga_lite/18.1/nios2eds/bin/gnu/h-x86_64-mingw32/bin/../lib/gcc/nios2-elf/5.3.0/../../../../../H-x86_64-mingw32/nios2-elf/lib\libc.a(lib_a-wbuf.o)
 .comment       0x0000000000000023       0x24 c:/intelfpga_lite/18.1/nios2eds/bin/gnu/h-x86_64-mingw32/bin/../lib/gcc/nios2-elf/5.3.0/../../../../../H-x86_64-mingw32/nios2-elf/lib\libc.a(lib_a-wsetup.o)
 .comment       0x0000000000000023       0x24 c:/intelfpga_lite/18.1/nios2eds/bin/gnu/h-x86_64-mingw32/bin/../lib/gcc/nios2-elf/5.3.0/../../../../../H-x86_64-mingw32/nios2-elf/lib\libc.a(lib_a-__call_atexit.o)
 .comment       0x0000000000000023       0x24 c:/intelfpga_lite/18.1/nios2eds/bin/gnu/h-x86_64-mingw32/bin/../lib/gcc/nios2-elf/5.3.0/../../../../../H-x86_64-mingw32/nios2-elf/lib\libc.a(lib_a-fflush.o)
 .comment       0x0000000000000023       0x24 c:/intelfpga_lite/18.1/nios2eds/bin/gnu/h-x86_64-mingw32/bin/../lib/gcc/nios2-elf/5.3.0/../../../../../H-x86_64-mingw32/nios2-elf/lib\libc.a(lib_a-findfp.o)
 .comment       0x0000000000000023       0x24 c:/intelfpga_lite/18.1/nios2eds/bin/gnu/h-x86_64-mingw32/bin/../lib/gcc/nios2-elf/5.3.0/../../../../../H-x86_64-mingw32/nios2-elf/lib\libc.a(lib_a-freer.o)
 .comment       0x0000000000000023       0x24 c:/intelfpga_lite/18.1/nios2eds/bin/gnu/h-x86_64-mingw32/bin/../lib/gcc/nios2-elf/5.3.0/../../../../../H-x86_64-mingw32/nios2-elf/lib\libc.a(lib_a-fwalk.o)
 .comment       0x0000000000000023       0x24 c:/intelfpga_lite/18.1/nios2eds/bin/gnu/h-x86_64-mingw32/bin/../lib/gcc/nios2-elf/5.3.0/../../../../../H-x86_64-mingw32/nios2-elf/lib\libc.a(lib_a-makebuf.o)
 .comment       0x0000000000000023       0x24 c:/intelfpga_lite/18.1/nios2eds/bin/gnu/h-x86_64-mingw32/bin/../lib/gcc/nios2-elf/5.3.0/../../../../../H-x86_64-mingw32/nios2-elf/lib\libc.a(lib_a-mallocr.o)
 .comment       0x0000000000000023       0x24 c:/intelfpga_lite/18.1/nios2eds/bin/gnu/h-x86_64-mingw32/bin/../lib/gcc/nios2-elf/5.3.0/../../../../../H-x86_64-mingw32/nios2-elf/lib\libc.a(lib_a-memset.o)
 .comment       0x0000000000000023       0x24 c:/intelfpga_lite/18.1/nios2eds/bin/gnu/h-x86_64-mingw32/bin/../lib/gcc/nios2-elf/5.3.0/../../../../../H-x86_64-mingw32/nios2-elf/lib\libc.a(lib_a-refill.o)
 .comment       0x0000000000000023       0x24 c:/intelfpga_lite/18.1/nios2eds/bin/gnu/h-x86_64-mingw32/bin/../lib/gcc/nios2-elf/5.3.0/../../../../../H-x86_64-mingw32/nios2-elf/lib\libc.a(lib_a-sbrkr.o)
 .comment       0x0000000000000023       0x24 c:/intelfpga_lite/18.1/nios2eds/bin/gnu/h-x86_64-mingw32/bin/../lib/gcc/nios2-elf/5.3.0/../../../../../H-x86_64-mingw32/nios2-elf/lib\libc.a(lib_a-stdio.o)
 .comment       0x0000000000000023       0x24 c:/intelfpga_lite/18.1/nios2eds/bin/gnu/h-x86_64-mingw32/bin/../lib/gcc/nios2-elf/5.3.0/../../../../../H-x86_64-mingw32/nios2-elf/lib\libc.a(lib_a-writer.o)
 .comment       0x0000000000000023       0x24 c:/intelfpga_lite/18.1/nios2eds/bin/gnu/h-x86_64-mingw32/bin/../lib/gcc/nios2-elf/5.3.0/../../../../../H-x86_64-mingw32/nios2-elf/lib\libc.a(closer.o)
 .comment       0x0000000000000023       0x24 c:/intelfpga_lite/18.1/nios2eds/bin/gnu/h-x86_64-mingw32/bin/../lib/gcc/nios2-elf/5.3.0/../../../../../H-x86_64-mingw32/nios2-elf/lib\libc.a(lib_a-fclose.o)
 .comment       0x0000000000000023       0x24 c:/intelfpga_lite/18.1/nios2eds/bin/gnu/h-x86_64-mingw32/bin/../lib/gcc/nios2-elf/5.3.0/../../../../../H-x86_64-mingw32/nios2-elf/lib\libc.a(lib_a-fstatr.o)
 .comment       0x0000000000000023       0x24 c:/intelfpga_lite/18.1/nios2eds/bin/gnu/h-x86_64-mingw32/bin/../lib/gcc/nios2-elf/5.3.0/../../../../../H-x86_64-mingw32/nios2-elf/lib\libc.a(lib_a-isattyr.o)
 .comment       0x0000000000000023       0x24 c:/intelfpga_lite/18.1/nios2eds/bin/gnu/h-x86_64-mingw32/bin/../lib/gcc/nios2-elf/5.3.0/../../../../../H-x86_64-mingw32/nios2-elf/lib\libc.a(lib_a-lseekr.o)
 .comment       0x0000000000000023       0x24 c:/intelfpga_lite/18.1/nios2eds/bin/gnu/h-x86_64-mingw32/bin/../lib/gcc/nios2-elf/5.3.0/../../../../../H-x86_64-mingw32/nios2-elf/lib\libc.a(lib_a-readr.o)
 .comment       0x0000000000000023       0x24 ../Embed_System_bsp/\libhal_bsp.a(alt_exit.o)
 .comment       0x0000000000000023       0x24 ../Embed_System_bsp/\libhal_bsp.a(alt_fstat.o)
 .comment       0x0000000000000023       0x24 ../Embed_System_bsp/\libhal_bsp.a(alt_isatty.o)
 .comment       0x0000000000000023       0x24 ../Embed_System_bsp/\libhal_bsp.a(alt_lseek.o)
 .comment       0x0000000000000023       0x24 ../Embed_System_bsp/\libhal_bsp.a(alt_malloc_lock.o)
 .comment       0x0000000000000023       0x24 ../Embed_System_bsp/\libhal_bsp.a(alt_read.o)
 .comment       0x0000000000000023       0x24 ../Embed_System_bsp/\libhal_bsp.a(alt_sbrk.o)
 .comment       0x0000000000000023       0x24 ../Embed_System_bsp/\libhal_bsp.a(alt_write.o)

.debug
 *(.debug)

.line
 *(.line)

.debug_srcinfo
 *(.debug_srcinfo)

.debug_sfnames
 *(.debug_sfnames)

.debug_aranges  0x0000000000000000      0xb30
 *(.debug_aranges)
 .debug_aranges
                0x0000000000000000       0x28 ../Embed_System_bsp//obj/HAL/src/crt0.o
 .debug_aranges
                0x0000000000000028       0x20 obj/default/main.o
 .debug_aranges
                0x0000000000000048       0x20 obj/default/src/alarm_util.o
 .debug_aranges
                0x0000000000000068       0x20 obj/default/src/delay_wait.o
 .debug_aranges
                0x0000000000000088       0x20 obj/default/src/error_loop.o
 .debug_aranges
                0x00000000000000a8       0x20 obj/default/src/jtag_uart_util.o
 .debug_aranges
                0x00000000000000c8       0x20 obj/default/src/led_util.o
 .debug_aranges
                0x00000000000000e8       0x20 c:/intelfpga_lite/18.1/nios2eds/bin/gnu/h-x86_64-mingw32/bin/../lib/gcc/nios2-elf/5.3.0\libgcc.a(lib2-divmod.o)
 .debug_aranges
                0x0000000000000108       0x20 ../Embed_System_bsp/\libhal_bsp.a(alt_alarm_start.o)
 .debug_aranges
                0x0000000000000128       0x20 ../Embed_System_bsp/\libhal_bsp.a(alt_getchar.o)
 .debug_aranges
                0x0000000000000148       0x20 ../Embed_System_bsp/\libhal_bsp.a(alt_load.o)
 .debug_aranges
                0x0000000000000168       0x20 ../Embed_System_bsp/\libhal_bsp.a(alt_main.o)
 .debug_aranges
                0x0000000000000188       0x20 ../Embed_System_bsp/\libhal_bsp.a(alt_printf.o)
 .debug_aranges
                0x00000000000001a8       0x20 ../Embed_System_bsp/\libhal_bsp.a(alt_putchar.o)
 .debug_aranges
                0x00000000000001c8       0x20 ../Embed_System_bsp/\libhal_bsp.a(alt_tick.o)
 .debug_aranges
                0x00000000000001e8       0x20 ../Embed_System_bsp/\libhal_bsp.a(alt_sys_init.o)
 .debug_aranges
                0x0000000000000208       0x20 ../Embed_System_bsp/\libhal_bsp.a(altera_avalon_jtag_uart_fd.o)
 .debug_aranges
                0x0000000000000228       0x20 ../Embed_System_bsp/\libhal_bsp.a(altera_avalon_jtag_uart_read.o)
 .debug_aranges
                0x0000000000000248       0x20 ../Embed_System_bsp/\libhal_bsp.a(altera_avalon_jtag_uart_write.o)
 .debug_aranges
                0x0000000000000268       0x20 ../Embed_System_bsp/\libhal_bsp.a(altera_avalon_timer_sc.o)
 .debug_aranges
                0x0000000000000288       0x20 ../Embed_System_bsp/\libhal_bsp.a(altera_modular_adc.o)
 .debug_aranges
                0x00000000000002a8       0x20 ../Embed_System_bsp/\libhal_bsp.a(altera_onchip_flash.o)
 .debug_aranges
                0x00000000000002c8       0x20 ../Embed_System_bsp/\libhal_bsp.a(alt_busy_sleep.o)
 .debug_aranges
                0x00000000000002e8       0x20 ../Embed_System_bsp/\libhal_bsp.a(alt_close.o)
 .debug_aranges
                0x0000000000000308       0x20 ../Embed_System_bsp/\libhal_bsp.a(alt_dcache_flush.o)
 .debug_aranges
                0x0000000000000328       0x20 ../Embed_System_bsp/\libhal_bsp.a(alt_dcache_flush_all.o)
 .debug_aranges
                0x0000000000000348       0x20 ../Embed_System_bsp/\libhal_bsp.a(alt_dev.o)
 .debug_aranges
                0x0000000000000368       0x20 ../Embed_System_bsp/\libhal_bsp.a(alt_dev_llist_insert.o)
 .debug_aranges
                0x0000000000000388       0x18 ../Embed_System_bsp/\libhal_bsp.a(alt_errno.o)
 .debug_aranges
                0x00000000000003a0       0x20 ../Embed_System_bsp/\libhal_bsp.a(alt_find_dev.o)
 .debug_aranges
                0x00000000000003c0       0x20 ../Embed_System_bsp/\libhal_bsp.a(alt_flash_dev.o)
 .debug_aranges
                0x00000000000003e0       0x20 ../Embed_System_bsp/\libhal_bsp.a(alt_icache_flush_all.o)
 .debug_aranges
                0x0000000000000400       0x20 ../Embed_System_bsp/\libhal_bsp.a(alt_iic.o)
 .debug_aranges
                0x0000000000000420       0x20 ../Embed_System_bsp/\libhal_bsp.a(alt_iic_isr_register.o)
 .debug_aranges
                0x0000000000000440       0x20 ../Embed_System_bsp/\libhal_bsp.a(alt_io_redirect.o)
 .debug_aranges
                0x0000000000000460       0x30 ../Embed_System_bsp/\libhal_bsp.a(alt_irq_entry.o)
 .debug_aranges
                0x0000000000000490       0x20 ../Embed_System_bsp/\libhal_bsp.a(alt_irq_handler.o)
 .debug_aranges
                0x00000000000004b0       0x18 ../Embed_System_bsp/\libhal_bsp.a(alt_irq_vars.o)
 .debug_aranges
                0x00000000000004c8       0x20 ../Embed_System_bsp/\libhal_bsp.a(alt_open.o)
 .debug_aranges
                0x00000000000004e8       0x20 ../Embed_System_bsp/\libhal_bsp.a(alt_release_fd.o)
 .debug_aranges
                0x0000000000000508       0x20 ../Embed_System_bsp/\libhal_bsp.a(altera_nios2_gen2_irq.o)
 .debug_aranges
                0x0000000000000528       0x38 ../Embed_System_bsp/\libhal_bsp.a(alt_exception_entry.o)
 .debug_aranges
                0x0000000000000560       0x20 ../Embed_System_bsp/\libhal_bsp.a(alt_find_file.o)
 .debug_aranges
                0x0000000000000580       0x20 ../Embed_System_bsp/\libhal_bsp.a(alt_get_fd.o)
 .debug_aranges
                0x00000000000005a0       0x20 ../Embed_System_bsp/\libhal_bsp.a(alt_icache_flush.o)
 .debug_aranges
                0x00000000000005c0       0x28 ../Embed_System_bsp/\libhal_bsp.a(alt_instruction_exception_entry.o)
 .debug_aranges
                0x00000000000005e8       0x20 c:/intelfpga_lite/18.1/nios2eds/bin/gnu/h-x86_64-mingw32/bin/../lib/gcc/nios2-elf/5.3.0/../../../../../H-x86_64-mingw32/nios2-elf/lib\libc.a(lib_a-exit.o)
 .debug_aranges
                0x0000000000000608       0x28 c:/intelfpga_lite/18.1/nios2eds/bin/gnu/h-x86_64-mingw32/bin/../lib/gcc/nios2-elf/5.3.0/../../../../../H-x86_64-mingw32/nios2-elf/lib\libc.a(lib_a-getc.o)
 .debug_aranges
                0x0000000000000630       0x18 c:/intelfpga_lite/18.1/nios2eds/bin/gnu/h-x86_64-mingw32/bin/../lib/gcc/nios2-elf/5.3.0/../../../../../H-x86_64-mingw32/nios2-elf/lib\libc.a(lib_a-impure.o)
 .debug_aranges
                0x0000000000000648       0x18 c:/intelfpga_lite/18.1/nios2eds/bin/gnu/h-x86_64-mingw32/bin/../lib/gcc/nios2-elf/5.3.0/../../../../../H-x86_64-mingw32/nios2-elf/lib\libc.a(lib_a-int_errno.o)
 .debug_aranges
                0x0000000000000660       0x20 c:/intelfpga_lite/18.1/nios2eds/bin/gnu/h-x86_64-mingw32/bin/../lib/gcc/nios2-elf/5.3.0/../../../../../H-x86_64-mingw32/nios2-elf/lib\libc.a(lib_a-memcmp.o)
 .debug_aranges
                0x0000000000000680       0x20 c:/intelfpga_lite/18.1/nios2eds/bin/gnu/h-x86_64-mingw32/bin/../lib/gcc/nios2-elf/5.3.0/../../../../../H-x86_64-mingw32/nios2-elf/lib\libc.a(lib_a-memcpy.o)
 .debug_aranges
                0x00000000000006a0       0x28 c:/intelfpga_lite/18.1/nios2eds/bin/gnu/h-x86_64-mingw32/bin/../lib/gcc/nios2-elf/5.3.0/../../../../../H-x86_64-mingw32/nios2-elf/lib\libc.a(lib_a-putc.o)
 .debug_aranges
                0x00000000000006c8       0x28 c:/intelfpga_lite/18.1/nios2eds/bin/gnu/h-x86_64-mingw32/bin/../lib/gcc/nios2-elf/5.3.0/../../../../../H-x86_64-mingw32/nios2-elf/lib\libc.a(lib_a-rget.o)
 .debug_aranges
                0x00000000000006f0       0x20 c:/intelfpga_lite/18.1/nios2eds/bin/gnu/h-x86_64-mingw32/bin/../lib/gcc/nios2-elf/5.3.0/../../../../../H-x86_64-mingw32/nios2-elf/lib\libc.a(lib_a-strlen.o)
 .debug_aranges
                0x0000000000000710       0x28 c:/intelfpga_lite/18.1/nios2eds/bin/gnu/h-x86_64-mingw32/bin/../lib/gcc/nios2-elf/5.3.0/../../../../../H-x86_64-mingw32/nios2-elf/lib\libc.a(lib_a-wbuf.o)
 .debug_aranges
                0x0000000000000738       0x20 c:/intelfpga_lite/18.1/nios2eds/bin/gnu/h-x86_64-mingw32/bin/../lib/gcc/nios2-elf/5.3.0/../../../../../H-x86_64-mingw32/nios2-elf/lib\libc.a(lib_a-wsetup.o)
 .debug_aranges
                0x0000000000000758       0x20 c:/intelfpga_lite/18.1/nios2eds/bin/gnu/h-x86_64-mingw32/bin/../lib/gcc/nios2-elf/5.3.0/../../../../../H-x86_64-mingw32/nios2-elf/lib\libc.a(lib_a-__call_atexit.o)
 .debug_aranges
                0x0000000000000778       0x30 c:/intelfpga_lite/18.1/nios2eds/bin/gnu/h-x86_64-mingw32/bin/../lib/gcc/nios2-elf/5.3.0/../../../../../H-x86_64-mingw32/nios2-elf/lib\libc.a(lib_a-fflush.o)
 .debug_aranges
                0x00000000000007a8       0x68 c:/intelfpga_lite/18.1/nios2eds/bin/gnu/h-x86_64-mingw32/bin/../lib/gcc/nios2-elf/5.3.0/../../../../../H-x86_64-mingw32/nios2-elf/lib\libc.a(lib_a-findfp.o)
 .debug_aranges
                0x0000000000000810       0x28 c:/intelfpga_lite/18.1/nios2eds/bin/gnu/h-x86_64-mingw32/bin/../lib/gcc/nios2-elf/5.3.0/../../../../../H-x86_64-mingw32/nios2-elf/lib\libc.a(lib_a-freer.o)
 .debug_aranges
                0x0000000000000838       0x28 c:/intelfpga_lite/18.1/nios2eds/bin/gnu/h-x86_64-mingw32/bin/../lib/gcc/nios2-elf/5.3.0/../../../../../H-x86_64-mingw32/nios2-elf/lib\libc.a(lib_a-fwalk.o)
 .debug_aranges
                0x0000000000000860       0x20 c:/intelfpga_lite/18.1/nios2eds/bin/gnu/h-x86_64-mingw32/bin/../lib/gcc/nios2-elf/5.3.0/../../../../../H-x86_64-mingw32/nios2-elf/lib\libc.a(lib_a-makebuf.o)
 .debug_aranges
                0x0000000000000880       0x20 c:/intelfpga_lite/18.1/nios2eds/bin/gnu/h-x86_64-mingw32/bin/../lib/gcc/nios2-elf/5.3.0/../../../../../H-x86_64-mingw32/nios2-elf/lib\libc.a(lib_a-mallocr.o)
 .debug_aranges