------------------------------------------------------------
Timing Analyzer Summary
------------------------------------------------------------

Type  : Slow 1200mV 85C Model Setup 'MAX10_CLK1_50'
Slack : -2.608
TNS   : -99.425

Type  : Slow 1200mV 85C Model Setup 'MAX10_CLK2_50'
Slack : -1.893
TNS   : -36.654

Type  : Slow 1200mV 85C Model Hold 'MAX10_CLK1_50'
Slack : 0.341
TNS   : 0.000

Type  : Slow 1200mV 85C Model Hold 'MAX10_CLK2_50'
Slack : 0.363
TNS   : 0.000

Type  : Slow 1200mV 85C Model Recovery 'MAX10_CLK1_50'
Slack : -1.124
TNS   : -18.238

Type  : Slow 1200mV 85C Model Removal 'MAX10_CLK1_50'
Slack : 0.870
TNS   : 0.000

Type  : Slow 1200mV 85C Model Minimum Pulse Width 'MAX10_CLK1_50'
Slack : -3.000
TNS   : -68.941

Type  : Slow 1200mV 85C Model Minimum Pulse Width 'MAX10_CLK2_50'
Slack : -3.000
TNS   : -42.284

Type  : Slow 1200mV 0C Model Setup 'MAX10_CLK1_50'
Slack : -2.314
TNS   : -86.065

Type  : Slow 1200mV 0C Model Setup 'MAX10_CLK2_50'
Slack : -1.587
TNS   : -30.297

Type  : Slow 1200mV 0C Model Hold 'MAX10_CLK1_50'
Slack : 0.307
TNS   : 0.000

Type  : Slow 1200mV 0C Model Hold 'MAX10_CLK2_50'
Slack : 0.329
TNS   : 0.000

Type  : Slow 1200mV 0C Model Recovery 'MAX10_CLK1_50'
Slack : -0.975
TNS   : -15.207

Type  : Slow 1200mV 0C Model Removal 'MAX10_CLK1_50'
Slack : 0.765
TNS   : 0.000

Type  : Slow 1200mV 0C Model Minimum Pulse Width 'MAX10_CLK1_50'
Slack : -3.000
TNS   : -68.941

Type  : Slow 1200mV 0C Model Minimum Pulse Width 'MAX10_CLK2_50'
Slack : -3.000
TNS   : -42.284

Type  : Fast 1200mV 0C Model Setup 'MAX10_CLK1_50'
Slack : -0.585
TNS   : -15.718

Type  : Fast 1200mV 0C Model Setup 'MAX10_CLK2_50'
Slack : -0.130
TNS   : -0.692

Type  : Fast 1200mV 0C Model Hold 'MAX10_CLK1_50'
Slack : 0.148
TNS   : 0.000

Type  : Fast 1200mV 0C Model Hold 'MAX10_CLK2_50'
Slack : 0.157
TNS   : 0.000

Type  : Fast 1200mV 0C Model Recovery 'MAX10_CLK1_50'
Slack : -0.014
TNS   : -0.028

Type  : Fast 1200mV 0C Model Removal 'MAX10_CLK1_50'
Slack : 0.374
TNS   : 0.000

Type  : Fast 1200mV 0C Model Minimum Pulse Width 'MAX10_CLK1_50'
Slack : -3.000
TNS   : -58.257

Type  : Fast 1200mV 0C Model Minimum Pulse Width 'MAX10_CLK2_50'
Slack : -3.000
TNS   : -35.914

------------------------------------------------------------
